
*** Running vivado
    with args -log NTT_top.vds -m64 -product Vivado -mode batch -messageDb vivado.pb -notrace -source NTT_top.tcl



****** Vivado v2025.2 (64-bit)
  **** SW Build 6299465 on Fri Nov 14 19:35:11 GMT 2025
  **** IP Build 6300035 on Fri Nov 14 10:48:45 MST 2025
  **** SharedData Build 6298862 on Thu Nov 13 04:50:51 MST 2025
  **** Start of session at: Wed Feb 18 12:28:16 2026
    ** Copyright 1986-2022 Xilinx, Inc. All Rights Reserved.
    ** Copyright 2022-2025 Advanced Micro Devices, Inc. All Rights Reserved.

source NTT_top.tcl -notrace
create_project: Time (s): cpu = 00:00:10 ; elapsed = 00:00:07 . Memory (MB): peak = 608.426 ; gain = 222.043
Command: read_checkpoint -auto_incremental -incremental C:/FPGA/PQC-Hardware/FPGA-Based-NTT-Accelerator-for-PQC/vivado/NTT/NTT.srcs/utils_1/imports/synth_1/NTT_top.dcp
INFO: [Vivado 12-5825] Read reference checkpoint from C:/FPGA/PQC-Hardware/FPGA-Based-NTT-Accelerator-for-PQC/vivado/NTT/NTT.srcs/utils_1/imports/synth_1/NTT_top.dcp for incremental synthesis
INFO: [Vivado 12-7989] Please ensure there are no constraint changes
Command: synth_design -top NTT_top -part xc7z010clg400-1 -flatten_hierarchy none
Starting synth_design
Attempting to get a license for feature 'Synthesis' and/or device 'xc7z010'
INFO: [Common 17-349] Got license for feature 'Synthesis' and/or device 'xc7z010'
INFO: [Device 21-403] Loading part xc7z010clg400-1
INFO: [Synth 8-7079] Multithreading enabled for synth_design using a maximum of 2 processes.
INFO: [Synth 8-7078] Launching helper process for spawning children vivado processes
INFO: [Synth 8-7075] Helper process launched with PID 46748
---------------------------------------------------------------------------------
Starting RTL Elaboration : Time (s): cpu = 00:00:04 ; elapsed = 00:00:04 . Memory (MB): peak = 1362.941 ; gain = 540.801
---------------------------------------------------------------------------------
INFO: [Synth 8-6157] synthesizing module 'NTT_top' [C:/FPGA/PQC-Hardware/FPGA-Based-NTT-Accelerator-for-PQC/rtl/ntt/ntt_top.sv:8]
	Parameter POLY_LEN bound to: 32 - type: integer 
	Parameter N_INV_M bound to: 256 - type: integer 
INFO: [Synth 8-155] case statement is not full and has no default [C:/FPGA/PQC-Hardware/FPGA-Based-NTT-Accelerator-for-PQC/rtl/ntt/ntt_top.sv:72]
INFO: [Synth 8-155] case statement is not full and has no default [C:/FPGA/PQC-Hardware/FPGA-Based-NTT-Accelerator-for-PQC/rtl/ntt/ntt_top.sv:99]
INFO: [Synth 8-6157] synthesizing module 'ntt_butterfly' [C:/FPGA/PQC-Hardware/FPGA-Based-NTT-Accelerator-for-PQC/rtl/ntt/ntt_butterfly.sv:11]
	Parameter DATA_WIDTH bound to: 13 - type: integer 
	Parameter ADDR_WIDTH bound to: 11 - type: integer 
	Parameter POLY_LEN bound to: 32 - type: integer 
	Parameter BF_UNIT bound to: 8 - type: integer 
	Parameter N_INV_M bound to: 256 - type: integer 
INFO: [Synth 8-6157] synthesizing module 'butterfly_unit' [C:/FPGA/PQC-Hardware/FPGA-Based-NTT-Accelerator-for-PQC/rtl/ntt/butterfly_unit.sv:8]
INFO: [Synth 8-6157] synthesizing module 'mont_InvTF_unit' [C:/FPGA/PQC-Hardware/FPGA-Based-NTT-Accelerator-for-PQC/rtl/ntt/mont_inv_transform.sv:9]
INFO: [Synth 8-6155] done synthesizing module 'mont_InvTF_unit' (0#1) [C:/FPGA/PQC-Hardware/FPGA-Based-NTT-Accelerator-for-PQC/rtl/ntt/mont_inv_transform.sv:9]
INFO: [Synth 8-6155] done synthesizing module 'butterfly_unit' (0#1) [C:/FPGA/PQC-Hardware/FPGA-Based-NTT-Accelerator-for-PQC/rtl/ntt/butterfly_unit.sv:8]
INFO: [Synth 8-6157] synthesizing module 'exceed_addr_dec' [C:/FPGA/PQC-Hardware/FPGA-Based-NTT-Accelerator-for-PQC/rtl/ram_rom/exceed_addr_dec.sv:1]
	Parameter MEM_SIZE bound to: 128 - type: integer 
INFO: [Synth 8-6155] done synthesizing module 'exceed_addr_dec' (0#1) [C:/FPGA/PQC-Hardware/FPGA-Based-NTT-Accelerator-for-PQC/rtl/ram_rom/exceed_addr_dec.sv:1]
INFO: [Synth 8-6157] synthesizing module 'exceed_W_addr_dec' [C:/FPGA/PQC-Hardware/FPGA-Based-NTT-Accelerator-for-PQC/rtl/ram_rom/exceed_W_addr_dec.sv:1]
	Parameter MEM_SIZE bound to: 512 - type: integer 
INFO: [Synth 8-6155] done synthesizing module 'exceed_W_addr_dec' (0#1) [C:/FPGA/PQC-Hardware/FPGA-Based-NTT-Accelerator-for-PQC/rtl/ram_rom/exceed_W_addr_dec.sv:1]
INFO: [Synth 8-6155] done synthesizing module 'ntt_butterfly' (0#1) [C:/FPGA/PQC-Hardware/FPGA-Based-NTT-Accelerator-for-PQC/rtl/ntt/ntt_butterfly.sv:11]
INFO: [Synth 8-6157] synthesizing module 'bram_dp_word' [C:/FPGA/PQC-Hardware/FPGA-Based-NTT-Accelerator-for-PQC/rtl/ram_rom/bram_dp_word.sv:7]
	Parameter DEPTH bound to: 256 - type: integer 
	Parameter XLEN bound to: 16 - type: integer 
INFO: [Synth 8-6155] done synthesizing module 'bram_dp_word' (0#1) [C:/FPGA/PQC-Hardware/FPGA-Based-NTT-Accelerator-for-PQC/rtl/ram_rom/bram_dp_word.sv:7]
INFO: [Synth 8-6157] synthesizing module 'rom_ntt' [C:/FPGA/PQC-Hardware/FPGA-Based-NTT-Accelerator-for-PQC/rtl/ram_rom/rom_wNTT.sv:1]
INFO: [Synth 8-6155] done synthesizing module 'rom_ntt' (0#1) [C:/FPGA/PQC-Hardware/FPGA-Based-NTT-Accelerator-for-PQC/rtl/ram_rom/rom_wNTT.sv:1]
INFO: [Synth 8-6157] synthesizing module 'rom_intt' [C:/FPGA/PQC-Hardware/FPGA-Based-NTT-Accelerator-for-PQC/rtl/ram_rom/rom_w_inv_NTT.sv:1]
INFO: [Synth 8-6155] done synthesizing module 'rom_intt' (0#1) [C:/FPGA/PQC-Hardware/FPGA-Based-NTT-Accelerator-for-PQC/rtl/ram_rom/rom_w_inv_NTT.sv:1]
INFO: [Synth 8-6155] done synthesizing module 'NTT_top' (0#1) [C:/FPGA/PQC-Hardware/FPGA-Based-NTT-Accelerator-for-PQC/rtl/ntt/ntt_top.sv:8]
WARNING: [Synth 8-3936] Found unconnected internal register 'rX_reg' and it is trimmed from '26' to '13' bits. [C:/FPGA/PQC-Hardware/FPGA-Based-NTT-Accelerator-for-PQC/rtl/ntt/mont_inv_transform.sv:72]
WARNING: [Synth 8-3848] Net rAdd_sub in module/entity butterfly_unit does not have driver. [C:/FPGA/PQC-Hardware/FPGA-Based-NTT-Accelerator-for-PQC/rtl/ntt/butterfly_unit.sv:38]
WARNING: [Synth 8-6014] Unused sequential element rReadDataStart_reg was removed.  [C:/FPGA/PQC-Hardware/FPGA-Based-NTT-Accelerator-for-PQC/rtl/ntt/ntt_butterfly.sv:176]
WARNING: [Synth 8-6014] Unused sequential element rOpCnt1_reg was removed.  [C:/FPGA/PQC-Hardware/FPGA-Based-NTT-Accelerator-for-PQC/rtl/ntt/ntt_butterfly.sv:227]
WARNING: [Synth 8-4767] Trying to implement RAM ' ' in registers. Block RAM or DRAM implementation is not possible; see log for reasons. [C:/FPGA/PQC-Hardware/FPGA-Based-NTT-Accelerator-for-PQC/rtl/ntt/ntt_butterfly.sv:215]
	1: RAM has multiple writes via different ports in same process. If RAM inferencing intended, write to one port per process. 
	2: Invalid write to RAM. 
	3: Invalid write to RAM. 
	4: Invalid write to RAM. 
	5: Unable to determine number of words or word size in RAM. 
	6: No valid clock found for write to RAM. 
WARNING: [Synth 8-4767] Trying to implement RAM ' ' in registers. Block RAM or DRAM implementation is not possible; see log for reasons. [C:/FPGA/PQC-Hardware/FPGA-Based-NTT-Accelerator-for-PQC/rtl/ntt/ntt_butterfly.sv:215]
	1: RAM has multiple writes via different ports in same process. If RAM inferencing intended, write to one port per process. 
	2: Invalid write to RAM. 
	3: Invalid write to RAM. 
	4: Invalid write to RAM. 
	5: Unable to determine number of words or word size in RAM. 
	6: No valid clock found for write to RAM. 
WARNING: [Synth 8-4767] Trying to implement RAM ' ' in registers. Block RAM or DRAM implementation is not possible; see log for reasons. [C:/FPGA/PQC-Hardware/FPGA-Based-NTT-Accelerator-for-PQC/rtl/ntt/ntt_butterfly.sv:215]
	1: RAM has multiple writes via different ports in same process. If RAM inferencing intended, write to one port per process. 
	2: Invalid write to RAM. 
	3: Invalid write to RAM. 
	4: Invalid write to RAM. 
	5: Unable to determine number of words or word size in RAM. 
	6: No valid clock found for write to RAM. 
WARNING: [Synth 8-4767] Trying to implement RAM ' ' in registers. Block RAM or DRAM implementation is not possible; see log for reasons. [C:/FPGA/PQC-Hardware/FPGA-Based-NTT-Accelerator-for-PQC/rtl/ntt/ntt_butterfly.sv:215]
	1: RAM has multiple writes via different ports in same process. If RAM inferencing intended, write to one port per process. 
	2: Invalid write to RAM. 
	3: Invalid write to RAM. 
	4: Invalid write to RAM. 
	5: Unable to determine number of words or word size in RAM. 
	6: No valid clock found for write to RAM. 
WARNING: [Synth 8-4767] Trying to implement RAM ' ' in registers. Block RAM or DRAM implementation is not possible; see log for reasons. [C:/FPGA/PQC-Hardware/FPGA-Based-NTT-Accelerator-for-PQC/rtl/ntt/ntt_butterfly.sv:215]
	1: RAM has multiple writes via different ports in same process. If RAM inferencing intended, write to one port per process. 
	2: Invalid write to RAM. 
	3: Invalid write to RAM. 
	4: Invalid write to RAM. 
	5: Unable to determine number of words or word size in RAM. 
	6: No valid clock found for write to RAM. 
WARNING: [Synth 8-4767] Trying to implement RAM ' ' in registers. Block RAM or DRAM implementation is not possible; see log for reasons. [C:/FPGA/PQC-Hardware/FPGA-Based-NTT-Accelerator-for-PQC/rtl/ntt/ntt_butterfly.sv:215]
	1: RAM has multiple writes via different ports in same process. If RAM inferencing intended, write to one port per process. 
	2: Invalid write to RAM. 
	3: Invalid write to RAM. 
	4: Invalid write to RAM. 
	5: Unable to determine number of words or word size in RAM. 
	6: No valid clock found for write to RAM. 
WARNING: [Synth 8-4767] Trying to implement RAM ' ' in registers. Block RAM or DRAM implementation is not possible; see log for reasons. [C:/FPGA/PQC-Hardware/FPGA-Based-NTT-Accelerator-for-PQC/rtl/ntt/ntt_butterfly.sv:215]
	1: RAM has multiple writes via different ports in same process. If RAM inferencing intended, write to one port per process. 
	2: Invalid write to RAM. 
	3: Invalid write to RAM. 
	4: Invalid write to RAM. 
	5: Unable to determine number of words or word size in RAM. 
	6: No valid clock found for write to RAM. 
WARNING: [Synth 8-4767] Trying to implement RAM ' ' in registers. Block RAM or DRAM implementation is not possible; see log for reasons. [C:/FPGA/PQC-Hardware/FPGA-Based-NTT-Accelerator-for-PQC/rtl/ntt/ntt_butterfly.sv:217]
	1: Invalid write to RAM. 
	2: Invalid write to RAM. 
	3: Unable to determine number of words or word size in RAM. 
	4: No valid clock found for write to RAM. 
WARNING: [Synth 8-4767] Trying to implement RAM ' ' in registers. Block RAM or DRAM implementation is not possible; see log for reasons. [C:/FPGA/PQC-Hardware/FPGA-Based-NTT-Accelerator-for-PQC/rtl/ntt/ntt_butterfly.sv:217]
	1: Invalid write to RAM. 
	2: Invalid write to RAM. 
	3: Unable to determine number of words or word size in RAM. 
	4: No valid clock found for write to RAM. 
WARNING: [Synth 8-4767] Trying to implement RAM ' ' in registers. Block RAM or DRAM implementation is not possible; see log for reasons. [C:/FPGA/PQC-Hardware/FPGA-Based-NTT-Accelerator-for-PQC/rtl/ntt/ntt_butterfly.sv:217]
	1: Invalid write to RAM. 
	2: Invalid write to RAM. 
	3: Unable to determine number of words or word size in RAM. 
	4: No valid clock found for write to RAM. 
WARNING: [Synth 8-4767] Trying to implement RAM ' ' in registers. Block RAM or DRAM implementation is not possible; see log for reasons. [C:/FPGA/PQC-Hardware/FPGA-Based-NTT-Accelerator-for-PQC/rtl/ntt/ntt_butterfly.sv:217]
	1: Invalid write to RAM. 
	2: Invalid write to RAM. 
	3: Unable to determine number of words or word size in RAM. 
	4: No valid clock found for write to RAM. 
WARNING: [Synth 8-4767] Trying to implement RAM ' ' in registers. Block RAM or DRAM implementation is not possible; see log for reasons. [C:/FPGA/PQC-Hardware/FPGA-Based-NTT-Accelerator-for-PQC/rtl/ntt/ntt_butterfly.sv:217]
	1: Invalid write to RAM. 
	2: Invalid write to RAM. 
	3: Unable to determine number of words or word size in RAM. 
	4: No valid clock found for write to RAM. 
WARNING: [Synth 8-4767] Trying to implement RAM ' ' in registers. Block RAM or DRAM implementation is not possible; see log for reasons. [C:/FPGA/PQC-Hardware/FPGA-Based-NTT-Accelerator-for-PQC/rtl/ntt/ntt_butterfly.sv:217]
	1: Invalid write to RAM. 
	2: Invalid write to RAM. 
	3: Unable to determine number of words or word size in RAM. 
	4: No valid clock found for write to RAM. 
WARNING: [Synth 8-4767] Trying to implement RAM ' ' in registers. Block RAM or DRAM implementation is not possible; see log for reasons. [C:/FPGA/PQC-Hardware/FPGA-Based-NTT-Accelerator-for-PQC/rtl/ntt/ntt_butterfly.sv:217]
	1: Invalid write to RAM. 
	2: Invalid write to RAM. 
	3: Unable to determine number of words or word size in RAM. 
	4: No valid clock found for write to RAM. 
WARNING: [Synth 8-4767] Trying to implement RAM 'rA_reg' in registers. Block RAM or DRAM implementation is not possible; see log for reasons. [C:/FPGA/PQC-Hardware/FPGA-Based-NTT-Accelerator-for-PQC/rtl/ntt/ntt_butterfly.sv:314]
Reason is one or more of the following :
	1: RAM has too many ports (16). Maximum supported = 16. 
	2: RAM has too many ports (16). Maximum supported = 16. 
	3: RAM has too many ports (16). Maximum supported = 16. 
	4: RAM has too many ports (16). Maximum supported = 16. 
	5: RAM has too many ports (16). Maximum supported = 16. 
	6: RAM has too many ports (16). Maximum supported = 16. 
	7: RAM has too many ports (16). Maximum supported = 16. 
	8: RAM has too many ports (16). Maximum supported = 16. 
	9: Invalid write to RAM. 
	10: RAM has too many ports (16). Maximum supported = 16. 
	11: RAM has too many ports (16). Maximum supported = 16. 
	12: Found multiple writes to the RAM with same address. 
	13: RAM has multiple writes via different ports in same process. If RAM inferencing intended, write to one port per process. 
	14: Invalid write to RAM. 
	15: RAM has too many ports (16). Maximum supported = 16. 
	16: Found multiple writes to the RAM with same address. 
	17: Invalid write to RAM. 
	18: RAM has too many ports (16). Maximum supported = 16. 
	19: Found multiple writes to the RAM with same address. 
	20: Invalid write to RAM. 
	21: RAM has too many ports (16). Maximum supported = 16. 
	22: No valid clock found for write to RAM. 
WARNING: [Synth 8-7129] Port we in module rom_intt is either unconnected or has no load
WARNING: [Synth 8-7129] Port din[7] in module rom_intt is either unconnected or has no load
WARNING: [Synth 8-7129] Port din[6] in module rom_intt is either unconnected or has no load
WARNING: [Synth 8-7129] Port din[5] in module rom_intt is either unconnected or has no load
WARNING: [Synth 8-7129] Port din[4] in module rom_intt is either unconnected or has no load
WARNING: [Synth 8-7129] Port din[3] in module rom_intt is either unconnected or has no load
WARNING: [Synth 8-7129] Port din[2] in module rom_intt is either unconnected or has no load
WARNING: [Synth 8-7129] Port din[1] in module rom_intt is either unconnected or has no load
WARNING: [Synth 8-7129] Port din[0] in module rom_intt is either unconnected or has no load
WARNING: [Synth 8-7129] Port we in module rom_ntt is either unconnected or has no load
WARNING: [Synth 8-7129] Port din[7] in module rom_ntt is either unconnected or has no load
WARNING: [Synth 8-7129] Port din[6] in module rom_ntt is either unconnected or has no load
WARNING: [Synth 8-7129] Port din[5] in module rom_ntt is either unconnected or has no load
WARNING: [Synth 8-7129] Port din[4] in module rom_ntt is either unconnected or has no load
WARNING: [Synth 8-7129] Port din[3] in module rom_ntt is either unconnected or has no load
WARNING: [Synth 8-7129] Port din[2] in module rom_ntt is either unconnected or has no load
WARNING: [Synth 8-7129] Port din[1] in module rom_ntt is either unconnected or has no load
WARNING: [Synth 8-7129] Port din[0] in module rom_ntt is either unconnected or has no load
WARNING: [Synth 8-7129] Port clk in module exceed_W_addr_dec is either unconnected or has no load
WARNING: [Synth 8-7129] Port we in module exceed_W_addr_dec is either unconnected or has no load
WARNING: [Synth 8-7129] Port din[7] in module exceed_W_addr_dec is either unconnected or has no load
WARNING: [Synth 8-7129] Port din[6] in module exceed_W_addr_dec is either unconnected or has no load
WARNING: [Synth 8-7129] Port din[5] in module exceed_W_addr_dec is either unconnected or has no load
WARNING: [Synth 8-7129] Port din[4] in module exceed_W_addr_dec is either unconnected or has no load
WARNING: [Synth 8-7129] Port din[3] in module exceed_W_addr_dec is either unconnected or has no load
WARNING: [Synth 8-7129] Port din[2] in module exceed_W_addr_dec is either unconnected or has no load
WARNING: [Synth 8-7129] Port din[1] in module exceed_W_addr_dec is either unconnected or has no load
WARNING: [Synth 8-7129] Port din[0] in module exceed_W_addr_dec is either unconnected or has no load
WARNING: [Synth 8-7129] Port clk in module exceed_addr_dec is either unconnected or has no load
WARNING: [Synth 8-7129] Port we in module exceed_addr_dec is either unconnected or has no load
WARNING: [Synth 8-7129] Port din[7] in module exceed_addr_dec is either unconnected or has no load
WARNING: [Synth 8-7129] Port din[6] in module exceed_addr_dec is either unconnected or has no load
WARNING: [Synth 8-7129] Port din[5] in module exceed_addr_dec is either unconnected or has no load
WARNING: [Synth 8-7129] Port din[4] in module exceed_addr_dec is either unconnected or has no load
WARNING: [Synth 8-7129] Port din[3] in module exceed_addr_dec is either unconnected or has no load
WARNING: [Synth 8-7129] Port din[2] in module exceed_addr_dec is either unconnected or has no load
WARNING: [Synth 8-7129] Port din[1] in module exceed_addr_dec is either unconnected or has no load
WARNING: [Synth 8-7129] Port din[0] in module exceed_addr_dec is either unconnected or has no load
---------------------------------------------------------------------------------
Finished RTL Elaboration : Time (s): cpu = 00:00:05 ; elapsed = 00:00:05 . Memory (MB): peak = 1523.773 ; gain = 701.633
---------------------------------------------------------------------------------
---------------------------------------------------------------------------------
Start Handling Custom Attributes
---------------------------------------------------------------------------------
---------------------------------------------------------------------------------
Finished Handling Custom Attributes : Time (s): cpu = 00:00:06 ; elapsed = 00:00:06 . Memory (MB): peak = 1523.773 ; gain = 701.633
---------------------------------------------------------------------------------
---------------------------------------------------------------------------------
Finished RTL Optimization Phase 1 : Time (s): cpu = 00:00:06 ; elapsed = 00:00:06 . Memory (MB): peak = 1523.773 ; gain = 701.633
---------------------------------------------------------------------------------
Netlist sorting complete. Time (s): cpu = 00:00:00 ; elapsed = 00:00:00.071 . Memory (MB): peak = 1523.773 ; gain = 0.000
INFO: [Project 1-570] Preparing netlist for logic optimization

Processing XDC Constraints
Initializing timing engine
Parsing XDC File [C:/FPGA/PQC-Hardware/FPGA-Based-NTT-Accelerator-for-PQC/vivado/NTT/NTT.srcs/constrs_1/new/conxdc.xdc]
Finished Parsing XDC File [C:/FPGA/PQC-Hardware/FPGA-Based-NTT-Accelerator-for-PQC/vivado/NTT/NTT.srcs/constrs_1/new/conxdc.xdc]
Completed Processing XDC Constraints

Netlist sorting complete. Time (s): cpu = 00:00:00 ; elapsed = 00:00:00.002 . Memory (MB): peak = 1595.352 ; gain = 0.000
INFO: [Project 1-111] Unisim Transformation Summary:
No Unisim elements were transformed.

Constraint Validation Runtime : Time (s): cpu = 00:00:00 ; elapsed = 00:00:00.049 . Memory (MB): peak = 1595.352 ; gain = 0.000
---------------------------------------------------------------------------------
Finished Constraint Validation : Time (s): cpu = 00:00:12 ; elapsed = 00:00:12 . Memory (MB): peak = 1595.352 ; gain = 773.211
---------------------------------------------------------------------------------
---------------------------------------------------------------------------------
Start Loading Part and Timing Information
---------------------------------------------------------------------------------
Loading part: xc7z010clg400-1
---------------------------------------------------------------------------------
Finished Loading Part and Timing Information : Time (s): cpu = 00:00:12 ; elapsed = 00:00:12 . Memory (MB): peak = 1595.352 ; gain = 773.211
---------------------------------------------------------------------------------
---------------------------------------------------------------------------------
Start Applying 'set_property' XDC Constraints
---------------------------------------------------------------------------------
---------------------------------------------------------------------------------
Finished applying 'set_property' XDC Constraints : Time (s): cpu = 00:00:12 ; elapsed = 00:00:12 . Memory (MB): peak = 1595.352 ; gain = 773.211
---------------------------------------------------------------------------------
---------------------------------------------------------------------------------
Start Preparing Guide Design
---------------------------------------------------------------------------------
---------------------------------------------------------------------------------
Finished Doing Graph Differ : Time (s): cpu = 00:00:12 ; elapsed = 00:00:13 . Memory (MB): peak = 1595.352 ; gain = 773.211
---------------------------------------------------------------------------------
NTT_top__GC0ntt_butterfly__GB4ntt_butterfly__GB3ntt_butterfly__GB2ntt_butterfly__GB1ntt_butterfly__GB0---------------------------------------------------------------------------------
Finished Preparing Guide Design : Time (s): cpu = 00:00:13 ; elapsed = 00:00:13 . Memory (MB): peak = 1595.352 ; gain = 773.211
---------------------------------------------------------------------------------
---------------------------------------------------------------------------------
Finished RTL Optimization Phase 2 : Time (s): cpu = 00:00:13 ; elapsed = 00:00:13 . Memory (MB): peak = 1595.352 ; gain = 773.211
---------------------------------------------------------------------------------
---------------------------------------------------------------------------------
Start Mimic Skeleton from Reference
---------------------------------------------------------------------------------
---------------------------------------------------------------------------------
Finished Mimic Skeleton from Reference : Time (s): cpu = 00:00:13 ; elapsed = 00:00:14 . Memory (MB): peak = 1595.352 ; gain = 773.211
---------------------------------------------------------------------------------


Incremental Synthesis Report Summary:

1. Incremental synthesis run: yes

   Stitch points used : changed


2. Change Summary

Report Incremental Modules: 
+-+----------------+------------+----------+----------+
| |Changed Modules |Replication |Instances |Changed % |
+-+----------------+------------+----------+----------+
+-+----------------+------------+----------+----------+


   Full Design Size (number of cells) : 96551
   Resynthesis Design Size (number of cells) : 0
   Resynth % : 0.0000,  Reuse % : 100.0000

3. Reference Checkpoint Information

+----------------------------------------------------------------------------------------------------------------------------------+
| DCP Location:  | C:/FPGA/PQC-Hardware/FPGA-Based-NTT-Accelerator-for-PQC/vivado/NTT/NTT.srcs/utils_1/imports/synth_1/NTT_top.dcp |
+----------------------------------------------------------------------------------------------------------------------------------+


+--------------------------------+------------------------------+
|         DCP Information        |             Value            |
+--------------------------------+------------------------------+
| Vivado Version                 |                    v2025.2 |
| DCP State                      |                              |
+--------------------------------+------------------------------+



Report RTL Partitions: 
+------+---------------------------+------------+----------+
|      |RTL Partition              |Replication |Instances |
+------+---------------------------+------------+----------+
|1     |ntt_butterfly__GB0_#REUSE# |           1|         0|
|2     |ntt_butterfly__GB1_#REUSE# |           1|         0|
|3     |ntt_butterfly__GB2_#REUSE# |           1|         0|
|4     |ntt_butterfly__GB3_#REUSE# |           1|         0|
|5     |ntt_butterfly__GB4_#REUSE# |           1|         0|
|6     |NTT_top__GC0_#REUSE#       |           1|         0|
+------+---------------------------+------------+----------+
---------------------------------------------------------------------------------
Start RTL Component Statistics 
---------------------------------------------------------------------------------
Detailed RTL Component Info : 
---------------------------------------------------------------------------------
Finished RTL Component Statistics 
---------------------------------------------------------------------------------
---------------------------------------------------------------------------------
Start Part Resource Summary
---------------------------------------------------------------------------------
Part Resources:
DSPs: 80 (col length:40)
BRAMs: 120 (col length: RAMB18 40 RAMB36 20)
---------------------------------------------------------------------------------
Finished Part Resource Summary
---------------------------------------------------------------------------------
---------------------------------------------------------------------------------
Start Cross Boundary and Area Optimization
---------------------------------------------------------------------------------
WARNING: [Synth 8-7077] IncrSyn: subsequent runs will still be incremental as the reference run was parallel and that data is reused
---------------------------------------------------------------------------------
Finished Cross Boundary and Area Optimization : Time (s): cpu = 00:00:16 ; elapsed = 00:00:16 . Memory (MB): peak = 1595.352 ; gain = 773.211
---------------------------------------------------------------------------------
---------------------------------------------------------------------------------
Start Stitch Unchanged AreaOpt Partitions
---------------------------------------------------------------------------------
---------------------------------------------------------------------------------
Finished Stitch Unchanged AreaOpt Partitions : Time (s): cpu = 00:00:16 ; elapsed = 00:00:17 . Memory (MB): peak = 1595.352 ; gain = 773.211
---------------------------------------------------------------------------------
---------------------------------------------------------------------------------
Start Applying XDC Timing Constraints
---------------------------------------------------------------------------------
---------------------------------------------------------------------------------
Finished Applying XDC Timing Constraints : Time (s): cpu = 00:00:25 ; elapsed = 00:00:26 . Memory (MB): peak = 1773.277 ; gain = 951.137
---------------------------------------------------------------------------------
---------------------------------------------------------------------------------
Start Timing Optimization
---------------------------------------------------------------------------------
---------------------------------------------------------------------------------
Finished Timing Optimization : Time (s): cpu = 00:00:25 ; elapsed = 00:00:26 . Memory (MB): peak = 1773.426 ; gain = 951.285
---------------------------------------------------------------------------------
---------------------------------------------------------------------------------
Start Technology Mapping
---------------------------------------------------------------------------------
WARNING: [Synth 8-7077] IncrSyn: subsequent runs will still be incremental as the reference run was parallel and that data is reused
---------------------------------------------------------------------------------
Finished Technology Mapping : Time (s): cpu = 00:00:25 ; elapsed = 00:00:26 . Memory (MB): peak = 1784.996 ; gain = 962.855
---------------------------------------------------------------------------------
---------------------------------------------------------------------------------
Start Stitch Unchanged Partitions
---------------------------------------------------------------------------------
---------------------------------------------------------------------------------
Finished Stitch Unchanged Partitions : Time (s): cpu = 00:00:25 ; elapsed = 00:00:26 . Memory (MB): peak = 1784.996 ; gain = 962.855
---------------------------------------------------------------------------------
---------------------------------------------------------------------------------
Start IO Insertion
---------------------------------------------------------------------------------
---------------------------------------------------------------------------------
Start Final Netlist Cleanup
---------------------------------------------------------------------------------
INFO: [Synth 8-7052] The timing for the instance ramA/ram_reg (implemented as a Block RAM) might be sub-optimal as no optional output register could be merged into the ram block. Providing additional output register may help in improving timing.
INFO: [Synth 8-7052] The timing for the instance ramA/ram_reg (implemented as a Block RAM) might be sub-optimal as no optional output register could be merged into the ram block. Providing additional output register may help in improving timing.
INFO: [Synth 8-7052] The timing for the instance uROM_ntt/d_out_reg (implemented as a Block RAM) might be sub-optimal as no optional output register could be merged into the ram block. Providing additional output register may help in improving timing.
INFO: [Synth 8-7052] The timing for the instance uROM_intt/d_out_reg (implemented as a Block RAM) might be sub-optimal as no optional output register could be merged into the ram block. Providing additional output register may help in improving timing.
---------------------------------------------------------------------------------
Finished Final Netlist Cleanup
---------------------------------------------------------------------------------
---------------------------------------------------------------------------------
Finished IO Insertion : Time (s): cpu = 00:00:31 ; elapsed = 00:00:32 . Memory (MB): peak = 2022.258 ; gain = 1200.117
---------------------------------------------------------------------------------
---------------------------------------------------------------------------------
Start Renaming Generated Instances
---------------------------------------------------------------------------------
---------------------------------------------------------------------------------
Finished Renaming Generated Instances : Time (s): cpu = 00:00:31 ; elapsed = 00:00:32 . Memory (MB): peak = 2022.258 ; gain = 1200.117
---------------------------------------------------------------------------------
---------------------------------------------------------------------------------
Start Handling Custom Attributes
---------------------------------------------------------------------------------
---------------------------------------------------------------------------------
Finished Handling Custom Attributes : Time (s): cpu = 00:00:31 ; elapsed = 00:00:33 . Memory (MB): peak = 2026.242 ; gain = 1204.102
---------------------------------------------------------------------------------
---------------------------------------------------------------------------------
Start Writing Synthesis Report
---------------------------------------------------------------------------------

DSP Final Report (the ' indicates corresponding REG is set)
+----------------+-------------+--------+--------+--------+--------+--------+------+------+------+------+-------+------+------+
|Module Name     | DSP Mapping | A Size | B Size | C Size | D Size | P Size | AREG | BREG | CREG | DREG | ADREG | MREG | PREG | 
+----------------+-------------+--------+--------+--------+--------+--------+------+------+------+------+-------+------+------+
|mont_InvTF_unit | A*B         | 13     | 13     | -      | -      | 26     | 0    | 0    | -    | -    | -     | 0    | 0    | 
|mont_InvTF_unit | C+(A'*B)'   | 13     | 13     | 26     | -      | 27     | 1    | 0    | 0    | -    | -     | 1    | 0    | 
|butterfly_unit  | (A*B')'     | 13     | 13     | -      | -      | 26     | 0    | 1    | -    | -    | -     | 0    | 1    | 
|mont_InvTF_unit | A*B         | 13     | 13     | -      | -      | 26     | 0    | 0    | -    | -    | -     | 0    | 0    | 
|mont_InvTF_unit | C+(A'*B)'   | 13     | 13     | 26     | -      | 27     | 1    | 0    | 0    | -    | -     | 1    | 0    | 
|butterfly_unit  | (A*B')'     | 13     | 13     | -      | -      | 26     | 0    | 1    | -    | -    | -     | 0    | 1    | 
|mont_InvTF_unit | A*B         | 13     | 13     | -      | -      | 26     | 0    | 0    | -    | -    | -     | 0    | 0    | 
|mont_InvTF_unit | C+(A'*B)'   | 13     | 13     | 26     | -      | 27     | 1    | 0    | 0    | -    | -     | 1    | 0    | 
|butterfly_unit  | (A*B')'     | 13     | 13     | -      | -      | 26     | 0    | 1    | -    | -    | -     | 0    | 1    | 
|mont_InvTF_unit | A*B         | 13     | 13     | -      | -      | 26     | 0    | 0    | -    | -    | -     | 0    | 0    | 
|mont_InvTF_unit | C+(A'*B)'   | 13     | 13     | 26     | -      | 27     | 1    | 0    | 0    | -    | -     | 1    | 0    | 
|butterfly_unit  | (A*B')'     | 13     | 13     | -      | -      | 26     | 0    | 1    | -    | -    | -     | 0    | 1    | 
|mont_InvTF_unit | A*B         | 13     | 13     | -      | -      | 26     | 0    | 0    | -    | -    | -     | 0    | 0    | 
|mont_InvTF_unit | C+(A'*B)'   | 13     | 13     | 26     | -      | 27     | 1    | 0    | 0    | -    | -     | 1    | 0    | 
|butterfly_unit  | (A*B')'     | 13     | 13     | -      | -      | 26     | 0    | 1    | -    | -    | -     | 0    | 1    | 
|mont_InvTF_unit | A*B         | 13     | 13     | -      | -      | 26     | 0    | 0    | -    | -    | -     | 0    | 0    | 
|mont_InvTF_unit | C+(A'*B)'   | 13     | 13     | 26     | -      | 27     | 1    | 0    | 0    | -    | -     | 1    | 0    | 
|butterfly_unit  | (A*B')'     | 13     | 13     | -      | -      | 26     | 0    | 1    | -    | -    | -     | 0    | 1    | 
|mont_InvTF_unit | A*B         | 13     | 13     | -      | -      | 26     | 0    | 0    | -    | -    | -     | 0    | 0    | 
|mont_InvTF_unit | C+(A'*B)'   | 13     | 13     | 26     | -      | 27     | 1    | 0    | 0    | -    | -     | 1    | 0    | 
|butterfly_unit  | (A*B')'     | 13     | 13     | -      | -      | 26     | 0    | 1    | -    | -    | -     | 0    | 1    | 
|mont_InvTF_unit | A*B         | 13     | 13     | -      | -      | 26     | 0    | 0    | -    | -    | -     | 0    | 0    | 
|mont_InvTF_unit | C+(A'*B)'   | 13     | 13     | 26     | -      | 27     | 1    | 0    | 0    | -    | -     | 1    | 0    | 
|butterfly_unit  | (A*B')'     | 13     | 13     | -      | -      | 26     | 0    | 1    | -    | -    | -     | 0    | 1    | 
+----------------+-------------+--------+--------+--------+--------+--------+------+------+------+------+-------+------+------+


Report BlackBoxes: 
+-+--------------+----------+
| |BlackBox name |Instances |
+-+--------------+----------+
+-+--------------+----------+

Report Cell Usage: 
+------+---------+------+
|      |Cell     |Count |
+------+---------+------+
|1     |BUFG     |     1|
|2     |CARRY4   |   350|
|3     |DSP48E1  |    24|
|4     |LUT1     |    38|
|5     |LUT2     |  1085|
|6     |LUT3     |  2838|
|7     |LUT4     |  1287|
|8     |LUT5     |  2407|
|9     |LUT6     |  6212|
|10    |MUXF7    |   917|
|11    |MUXF8    |    14|
|12    |RAM32M   |    16|
|13    |RAM32X1D |     8|
|14    |RAMB18E1 |     3|
|15    |FDRE     |  2407|
|16    |FDSE     |    18|
|17    |IBUF     |    30|
|18    |OBUF     |    16|
+------+---------+------+
---------------------------------------------------------------------------------
Finished Writing Synthesis Report : Time (s): cpu = 00:00:31 ; elapsed = 00:00:33 . Memory (MB): peak = 2026.242 ; gain = 1204.102
---------------------------------------------------------------------------------
Synthesis finished with 0 errors, 0 critical warnings and 2 warnings.
Synthesis Optimization Runtime : Time (s): cpu = 00:00:24 ; elapsed = 00:00:31 . Memory (MB): peak = 2026.242 ; gain = 1132.523
Synthesis Optimization Complete : Time (s): cpu = 00:00:32 ; elapsed = 00:00:33 . Memory (MB): peak = 2026.242 ; gain = 1204.102
INFO: [Project 1-571] Translating synthesized netlist
Netlist sorting complete. Time (s): cpu = 00:00:00 ; elapsed = 00:00:00.132 . Memory (MB): peak = 2035.328 ; gain = 0.000
INFO: [Netlist 29-17] Analyzing 1332 Unisim elements for replacement
INFO: [Netlist 29-28] Unisim Transformation completed in 0 CPU seconds
INFO: [Project 1-570] Preparing netlist for logic optimization
INFO: [Opt 31-138] Pushed 0 inverter(s) to 0 load pin(s).
Netlist sorting complete. Time (s): cpu = 00:00:00 ; elapsed = 00:00:00.005 . Memory (MB): peak = 2039.035 ; gain = 0.000
INFO: [Project 1-111] Unisim Transformation Summary:
  A total of 24 instances were transformed.
  RAM32M => RAM32M (RAMD32(x6), RAMS32(x2)): 16 instances
  RAM32X1D => RAM32X1D (RAMD32(x2)): 8 instances

Synth Design complete | Checksum: 8eb3ffda
INFO: [Common 17-83] Releasing license: Synthesis
40 Infos, 59 Warnings, 0 Critical Warnings and 0 Errors encountered.
synth_design completed successfully
synth_design: Time (s): cpu = 00:00:37 ; elapsed = 00:00:41 . Memory (MB): peak = 2039.035 ; gain = 1424.102
Write ShapeDB Complete: Time (s): cpu = 00:00:00 ; elapsed = 00:00:00.045 . Memory (MB): peak = 2039.035 ; gain = 0.000
INFO: [Common 17-1381] The checkpoint 'C:/FPGA/PQC-Hardware/FPGA-Based-NTT-Accelerator-for-PQC/vivado/NTT/NTT.runs/synth_1/NTT_top.dcp' has been generated.
INFO: [Vivado 12-24828] Executing command : report_utilization -file NTT_top_utilization_synth.rpt -pb NTT_top_utilization_synth.pb
INFO: [Common 17-206] Exiting Vivado at Wed Feb 18 12:29:11 2026...
