Copyright 1986-2022 Xilinx, Inc. All Rights Reserved. Copyright 2022-2025 Advanced Micro Devices, Inc. All Rights Reserved.
---------------------------------------------------------------------------------------------------------------------------------------------
| Tool Version : Vivado v.2025.2 (win64) Build 6299465 Fri Nov 14 19:35:11 GMT 2025
| Date         : Thu Feb 12 20:59:30 2026
| Host         : LAPTOP-GM1L3F93 running 64-bit major release  (build 9200)
| Command      : report_drc -file NTT_top_drc_opted.rpt -pb NTT_top_drc_opted.pb -rpx NTT_top_drc_opted.rpx
| Design       : NTT_top
| Device       : xc7z010clg400-1
| Speed File   : -1
| Design State : Synthesized
---------------------------------------------------------------------------------------------------------------------------------------------

Report DRC

Table of Contents
-----------------
1. REPORT SUMMARY
2. REPORT DETAILS

1. REPORT SUMMARY
-----------------
            Netlist: netlist
          Floorplan: design_1
      Design limits: <entire design considered>
           Ruledeck: default
             Max checks: <unlimited>
             Checks found: 75
+--------+------------------+----------------------------+--------+
| Rule   | Severity         | Description                | Checks |
+--------+------------------+----------------------------+--------+
| NSTD-1 | Critical Warning | Unspecified I/O Standard   | 1      |
| UCIO-1 | Critical Warning | Unconstrained Logical Port | 1      |
| DPIP-1 | Warning          | Input pipelining           | 40     |
| DPOP-1 | Warning          | PREG Output pipelining     | 16     |
| DPOP-2 | Warning          | MREG Output pipelining     | 16     |
| ZPS7-1 | Warning          | PS7 block required         | 1      |
+--------+------------------+----------------------------+--------+

2. REPORT DETAILS
-----------------
NSTD-1#1 Critical Warning
Unspecified I/O Standard  
46 out of 46 logical ports use I/O standard (IOSTANDARD) value 'DEFAULT', instead of a user assigned specific value. This may cause I/O contention or incompatibility with the board power or connectivity affecting performance, signal integrity or in extreme cases cause damage to the device or the components to which it is connected. To correct this violation, specify all I/O standards. This design will fail to generate a bitstream unless all logical ports have a user specified I/O standard value defined. To allow bitstream creation with unspecified I/O standard values (not recommended), use this command: set_property SEVERITY {Warning} [get_drc_checks NSTD-1].  NOTE: When using the Vivado Runs infrastructure (e.g. launch_runs Tcl command), add this command to a .tcl file and add that file as a pre-hook for write_bitstream step for the implementation run. Problem ports: UserRdDataOut[15:0], UserWrAddr[10:0], UserWrDataIn[15:0], UserWrEn, clk
rstB.
Related violations: <none>

UCIO-1#1 Critical Warning
Unconstrained Logical Port  
46 out of 46 logical ports have no user assigned specific location constraint (LOC). This may cause I/O contention or incompatibility with the board power or connectivity affecting performance, signal integrity or in extreme cases cause damage to the device or the components to which it is connected. To correct this violation, specify all pin locations. This design will fail to generate a bitstream unless all logical ports have a user specified site LOC constraint defined.  To allow bitstream creation with unspecified pin locations (not recommended), use this command: set_property SEVERITY {Warning} [get_drc_checks UCIO-1].  NOTE: When using the Vivado Runs infrastructure (e.g. launch_runs Tcl command), add this command to a .tcl file and add that file as a pre-hook for write_bitstream step for the implementation run.  Problem ports: UserRdDataOut[15:0], UserWrAddr[10:0], UserWrDataIn[15:0], UserWrEn, clk
rstB.
Related violations: <none>

DPIP-1#1 Warning
Input pipelining  
DSP uNTT/genblk2[0].u_bf_unit/mont_inv_inst/rDirectMulModRes0 input uNTT/genblk2[0].u_bf_unit/mont_inv_inst/rDirectMulModRes0/A[29:0] is not pipelined. Pipelining DSP48 input will improve performance.
Related violations: <none>

DPIP-1#2 Warning
Input pipelining  
DSP uNTT/genblk2[0].u_bf_unit/mont_inv_inst/rDirectMulModRes0 input uNTT/genblk2[0].u_bf_unit/mont_inv_inst/rDirectMulModRes0/B[17:0] is not pipelined. Pipelining DSP48 input will improve performance.
Related violations: <none>

DPIP-1#3 Warning
Input pipelining  
DSP uNTT/genblk2[0].u_bf_unit/mont_inv_inst/wR1divR0 input uNTT/genblk2[0].u_bf_unit/mont_inv_inst/wR1divR0/B[17:0] is not pipelined. Pipelining DSP48 input will improve performance.
Related violations: <none>

DPIP-1#4 Warning
Input pipelining  
DSP uNTT/genblk2[0].u_bf_unit/mont_inv_inst/wR1divR0 input uNTT/genblk2[0].u_bf_unit/mont_inv_inst/wR1divR0/C[47:0] is not pipelined. Pipelining DSP48 input will improve performance.
Related violations: <none>

DPIP-1#5 Warning
Input pipelining  
DSP uNTT/genblk2[0].u_bf_unit/rMulResult_reg input uNTT/genblk2[0].u_bf_unit/rMulResult_reg/A[29:0] is not pipelined. Pipelining DSP48 input will improve performance.
Related violations: <none>

DPIP-1#6 Warning
Input pipelining  
DSP uNTT/genblk2[1].u_bf_unit/mont_inv_inst/rDirectMulModRes0 input uNTT/genblk2[1].u_bf_unit/mont_inv_inst/rDirectMulModRes0/A[29:0] is not pipelined. Pipelining DSP48 input will improve performance.
Related violations: <none>

DPIP-1#7 Warning
Input pipelining  
DSP uNTT/genblk2[1].u_bf_unit/mont_inv_inst/rDirectMulModRes0 input uNTT/genblk2[1].u_bf_unit/mont_inv_inst/rDirectMulModRes0/B[17:0] is not pipelined. Pipelining DSP48 input will improve performance.
Related violations: <none>

DPIP-1#8 Warning
Input pipelining  
DSP uNTT/genblk2[1].u_bf_unit/mont_inv_inst/wR1divR0 input uNTT/genblk2[1].u_bf_unit/mont_inv_inst/wR1divR0/B[17:0] is not pipelined. Pipelining DSP48 input will improve performance.
Related violations: <none>

DPIP-1#9 Warning
Input pipelining  
DSP uNTT/genblk2[1].u_bf_unit/mont_inv_inst/wR1divR0 input uNTT/genblk2[1].u_bf_unit/mont_inv_inst/wR1divR0/C[47:0] is not pipelined. Pipelining DSP48 input will improve performance.
Related violations: <none>

DPIP-1#10 Warning
Input pipelining  
DSP uNTT/genblk2[1].u_bf_unit/rMulResult_reg input uNTT/genblk2[1].u_bf_unit/rMulResult_reg/A[29:0] is not pipelined. Pipelining DSP48 input will improve performance.
Related violations: <none>

DPIP-1#11 Warning
Input pipelining  
DSP uNTT/genblk2[2].u_bf_unit/mont_inv_inst/rDirectMulModRes0 input uNTT/genblk2[2].u_bf_unit/mont_inv_inst/rDirectMulModRes0/A[29:0] is not pipelined. Pipelining DSP48 input will improve performance.
Related violations: <none>

DPIP-1#12 Warning
Input pipelining  
DSP uNTT/genblk2[2].u_bf_unit/mont_inv_inst/rDirectMulModRes0 input uNTT/genblk2[2].u_bf_unit/mont_inv_inst/rDirectMulModRes0/B[17:0] is not pipelined. Pipelining DSP48 input will improve performance.
Related violations: <none>

DPIP-1#13 Warning
Input pipelining  
DSP uNTT/genblk2[2].u_bf_unit/mont_inv_inst/wR1divR0 input uNTT/genblk2[2].u_bf_unit/mont_inv_inst/wR1divR0/B[17:0] is not pipelined. Pipelining DSP48 input will improve performance.
Related violations: <none>

DPIP-1#14 Warning
Input pipelining  
DSP uNTT/genblk2[2].u_bf_unit/mont_inv_inst/wR1divR0 input uNTT/genblk2[2].u_bf_unit/mont_inv_inst/wR1divR0/C[47:0] is not pipelined. Pipelining DSP48 input will improve performance.
Related violations: <none>

DPIP-1#15 Warning
Input pipelining  
DSP uNTT/genblk2[2].u_bf_unit/rMulResult_reg input uNTT/genblk2[2].u_bf_unit/rMulResult_reg/A[29:0] is not pipelined. Pipelining DSP48 input will improve performance.
Related violations: <none>

DPIP-1#16 Warning
Input pipelining  
DSP uNTT/genblk2[3].u_bf_unit/mont_inv_inst/rDirectMulModRes0 input uNTT/genblk2[3].u_bf_unit/mont_inv_inst/rDirectMulModRes0/A[29:0] is not pipelined. Pipelining DSP48 input will improve performance.
Related violations: <none>

DPIP-1#17 Warning
Input pipelining  
DSP uNTT/genblk2[3].u_bf_unit/mont_inv_inst/rDirectMulModRes0 input uNTT/genblk2[3].u_bf_unit/mont_inv_inst/rDirectMulModRes0/B[17:0] is not pipelined. Pipelining DSP48 input will improve performance.
Related violations: <none>

DPIP-1#18 Warning
Input pipelining  
DSP uNTT/genblk2[3].u_bf_unit/mont_inv_inst/wR1divR0 input uNTT/genblk2[3].u_bf_unit/mont_inv_inst/wR1divR0/B[17:0] is not pipelined. Pipelining DSP48 input will improve performance.
Related violations: <none>

DPIP-1#19 Warning
Input pipelining  
DSP uNTT/genblk2[3].u_bf_unit/mont_inv_inst/wR1divR0 input uNTT/genblk2[3].u_bf_unit/mont_inv_inst/wR1divR0/C[47:0] is not pipelined. Pipelining DSP48 input will improve performance.
Related violations: <none>

DPIP-1#20 Warning
Input pipelining  
DSP uNTT/genblk2[3].u_bf_unit/rMulResult_reg input uNTT/genblk2[3].u_bf_unit/rMulResult_reg/A[29:0] is not pipelined. Pipelining DSP48 input will improve performance.
Related violations: <none>

DPIP-1#21 Warning
Input pipelining  
DSP uNTT/genblk2[4].u_bf_unit/mont_inv_inst/rDirectMulModRes0 input uNTT/genblk2[4].u_bf_unit/mont_inv_inst/rDirectMulModRes0/A[29:0] is not pipelined. Pipelining DSP48 input will improve performance.
Related violations: <none>

DPIP-1#22 Warning
Input pipelining  
DSP uNTT/genblk2[4].u_bf_unit/mont_inv_inst/rDirectMulModRes0 input uNTT/genblk2[4].u_bf_unit/mont_inv_inst/rDirectMulModRes0/B[17:0] is not pipelined. Pipelining DSP48 input will improve performance.
Related violations: <none>

DPIP-1#23 Warning
Input pipelining  
DSP uNTT/genblk2[4].u_bf_unit/mont_inv_inst/wR1divR0 input uNTT/genblk2[4].u_bf_unit/mont_inv_inst/wR1divR0/B[17:0] is not pipelined. Pipelining DSP48 input will improve performance.
Related violations: <none>

DPIP-1#24 Warning
Input pipelining  
DSP uNTT/genblk2[4].u_bf_unit/mont_inv_inst/wR1divR0 input uNTT/genblk2[4].u_bf_unit/mont_inv_inst/wR1divR0/C[47:0] is not pipelined. Pipelining DSP48 input will improve performance.
Related violations: <none>

DPIP-1#25 Warning
Input pipelining  
DSP uNTT/genblk2[4].u_bf_unit/rMulResult_reg input uNTT/genblk2[4].u_bf_unit/rMulResult_reg/A[29:0] is not pipelined. Pipelining DSP48 input will improve performance.
Related violations: <none>

DPIP-1#26 Warning
Input pipelining  
DSP uNTT/genblk2[5].u_bf_unit/mont_inv_inst/rDirectMulModRes0 input uNTT/genblk2[5].u_bf_unit/mont_inv_inst/rDirectMulModRes0/A[29:0] is not pipelined. Pipelining DSP48 input will improve performance.
Related violations: <none>

DPIP-1#27 Warning
Input pipelining  
DSP uNTT/genblk2[5].u_bf_unit/mont_inv_inst/rDirectMulModRes0 input uNTT/genblk2[5].u_bf_unit/mont_inv_inst/rDirectMulModRes0/B[17:0] is not pipelined. Pipelining DSP48 input will improve performance.
Related violations: <none>

DPIP-1#28 Warning
Input pipelining  
DSP uNTT/genblk2[5].u_bf_unit/mont_inv_inst/wR1divR0 input uNTT/genblk2[5].u_bf_unit/mont_inv_inst/wR1divR0/B[17:0] is not pipelined. Pipelining DSP48 input will improve performance.
Related violations: <none>

DPIP-1#29 Warning
Input pipelining  
DSP uNTT/genblk2[5].u_bf_unit/mont_inv_inst/wR1divR0 input uNTT/genblk2[5].u_bf_unit/mont_inv_inst/wR1divR0/C[47:0] is not pipelined. Pipelining DSP48 input will improve performance.
Related violations: <none>

DPIP-1#30 Warning
Input pipelining  
DSP uNTT/genblk2[5].u_bf_unit/rMulResult_reg input uNTT/genblk2[5].u_bf_unit/rMulResult_reg/A[29:0] is not pipelined. Pipelining DSP48 input will improve performance.
Related violations: <none>

DPIP-1#31 Warning
Input pipelining  
DSP uNTT/genblk2[6].u_bf_unit/mont_inv_inst/rDirectMulModRes0 input uNTT/genblk2[6].u_bf_unit/mont_inv_inst/rDirectMulModRes0/A[29:0] is not pipelined. Pipelining DSP48 input will improve performance.
Related violations: <none>

DPIP-1#32 Warning
Input pipelining  
DSP uNTT/genblk2[6].u_bf_unit/mont_inv_inst/rDirectMulModRes0 input uNTT/genblk2[6].u_bf_unit/mont_inv_inst/rDirectMulModRes0/B[17:0] is not pipelined. Pipelining DSP48 input will improve performance.
Related violations: <none>

DPIP-1#33 Warning
Input pipelining  
DSP uNTT/genblk2[6].u_bf_unit/mont_inv_inst/wR1divR0 input uNTT/genblk2[6].u_bf_unit/mont_inv_inst/wR1divR0/B[17:0] is not pipelined. Pipelining DSP48 input will improve performance.
Related violations: <none>

DPIP-1#34 Warning
Input pipelining  
DSP uNTT/genblk2[6].u_bf_unit/mont_inv_inst/wR1divR0 input uNTT/genblk2[6].u_bf_unit/mont_inv_inst/wR1divR0/C[47:0] is not pipelined. Pipelining DSP48 input will improve performance.
Related violations: <none>

DPIP-1#35 Warning
Input pipelining  
DSP uNTT/genblk2[6].u_bf_unit/rMulResult_reg input uNTT/genblk2[6].u_bf_unit/rMulResult_reg/A[29:0] is not pipelined. Pipelining DSP48 input will improve performance.
Related violations: <none>

DPIP-1#36 Warning
Input pipelining  
DSP uNTT/genblk2[7].u_bf_unit/mont_inv_inst/rDirectMulModRes0 input uNTT/genblk2[7].u_bf_unit/mont_inv_inst/rDirectMulModRes0/A[29:0] is not pipelined. Pipelining DSP48 input will improve performance.
Related violations: <none>

DPIP-1#37 Warning
Input pipelining  
DSP uNTT/genblk2[7].u_bf_unit/mont_inv_inst/rDirectMulModRes0 input uNTT/genblk2[7].u_bf_unit/mont_inv_inst/rDirectMulModRes0/B[17:0] is not pipelined. Pipelining DSP48 input will improve performance.
Related violations: <none>

DPIP-1#38 Warning
Input pipelining  
DSP uNTT/genblk2[7].u_bf_unit/mont_inv_inst/wR1divR0 input uNTT/genblk2[7].u_bf_unit/mont_inv_inst/wR1divR0/B[17:0] is not pipelined. Pipelining DSP48 input will improve performance.
Related violations: <none>

DPIP-1#39 Warning
Input pipelining  
DSP uNTT/genblk2[7].u_bf_unit/mont_inv_inst/wR1divR0 input uNTT/genblk2[7].u_bf_unit/mont_inv_inst/wR1divR0/C[47:0] is not pipelined. Pipelining DSP48 input will improve performance.
Related violations: <none>

DPIP-1#40 Warning
Input pipelining  
DSP uNTT/genblk2[7].u_bf_unit/rMulResult_reg input uNTT/genblk2[7].u_bf_unit/rMulResult_reg/A[29:0] is not pipelined. Pipelining DSP48 input will improve performance.
Related violations: <none>

DPOP-1#1 Warning
PREG Output pipelining  
DSP uNTT/genblk2[0].u_bf_unit/mont_inv_inst/rDirectMulModRes0 output uNTT/genblk2[0].u_bf_unit/mont_inv_inst/rDirectMulModRes0/P[47:0] is not pipelined (PREG=0). Pipelining the DSP48 output will improve performance and often saves power so it is suggested whenever possible to fully pipeline this function.  If this DSP48 function was inferred, it is suggested to describe an additional register stage after this function.  If the DSP48 was instantiated in the design, it is suggested to set the PREG attribute to 1.
Related violations: <none>

DPOP-1#2 Warning
PREG Output pipelining  
DSP uNTT/genblk2[0].u_bf_unit/mont_inv_inst/wR1divR0 output uNTT/genblk2[0].u_bf_unit/mont_inv_inst/wR1divR0/P[47:0] is not pipelined (PREG=0). Pipelining the DSP48 output will improve performance and often saves power so it is suggested whenever possible to fully pipeline this function.  If this DSP48 function was inferred, it is suggested to describe an additional register stage after this function.  If the DSP48 was instantiated in the design, it is suggested to set the PREG attribute to 1.
Related violations: <none>

DPOP-1#3 Warning
PREG Output pipelining  
DSP uNTT/genblk2[1].u_bf_unit/mont_inv_inst/rDirectMulModRes0 output uNTT/genblk2[1].u_bf_unit/mont_inv_inst/rDirectMulModRes0/P[47:0] is not pipelined (PREG=0). Pipelining the DSP48 output will improve performance and often saves power so it is suggested whenever possible to fully pipeline this function.  If this DSP48 function was inferred, it is suggested to describe an additional register stage after this function.  If the DSP48 was instantiated in the design, it is suggested to set the PREG attribute to 1.
Related violations: <none>

DPOP-1#4 Warning
PREG Output pipelining  
DSP uNTT/genblk2[1].u_bf_unit/mont_inv_inst/wR1divR0 output uNTT/genblk2[1].u_bf_unit/mont_inv_inst/wR1divR0/P[47:0] is not pipelined (PREG=0). Pipelining the DSP48 output will improve performance and often saves power so it is suggested whenever possible to fully pipeline this function.  If this DSP48 function was inferred, it is suggested to describe an additional register stage after this function.  If the DSP48 was instantiated in the design, it is suggested to set the PREG attribute to 1.
Related violations: <none>

DPOP-1#5 Warning
PREG Output pipelining  
DSP uNTT/genblk2[2].u_bf_unit/mont_inv_inst/rDirectMulModRes0 output uNTT/genblk2[2].u_bf_unit/mont_inv_inst/rDirectMulModRes0/P[47:0] is not pipelined (PREG=0). Pipelining the DSP48 output will improve performance and often saves power so it is suggested whenever possible to fully pipeline this function.  If this DSP48 function was inferred, it is suggested to describe an additional register stage after this function.  If the DSP48 was instantiated in the design, it is suggested to set the PREG attribute to 1.
Related violations: <none>

DPOP-1#6 Warning
PREG Output pipelining  
DSP uNTT/genblk2[2].u_bf_unit/mont_inv_inst/wR1divR0 output uNTT/genblk2[2].u_bf_unit/mont_inv_inst/wR1divR0/P[47:0] is not pipelined (PREG=0). Pipelining the DSP48 output will improve performance and often saves power so it is suggested whenever possible to fully pipeline this function.  If this DSP48 function was inferred, it is suggested to describe an additional register stage after this function.  If the DSP48 was instantiated in the design, it is suggested to set the PREG attribute to 1.
Related violations: <none>

DPOP-1#7 Warning
PREG Output pipelining  
DSP uNTT/genblk2[3].u_bf_unit/mont_inv_inst/rDirectMulModRes0 output uNTT/genblk2[3].u_bf_unit/mont_inv_inst/rDirectMulModRes0/P[47:0] is not pipelined (PREG=0). Pipelining the DSP48 output will improve performance and often saves power so it is suggested whenever possible to fully pipeline this function.  If this DSP48 function was inferred, it is suggested to describe an additional register stage after this function.  If the DSP48 was instantiated in the design, it is suggested to set the PREG attribute to 1.
Related violations: <none>

DPOP-1#8 Warning
PREG Output pipelining  
DSP uNTT/genblk2[3].u_bf_unit/mont_inv_inst/wR1divR0 output uNTT/genblk2[3].u_bf_unit/mont_inv_inst/wR1divR0/P[47:0] is not pipelined (PREG=0). Pipelining the DSP48 output will improve performance and often saves power so it is suggested whenever possible to fully pipeline this function.  If this DSP48 function was inferred, it is suggested to describe an additional register stage after this function.  If the DSP48 was instantiated in the design, it is suggested to set the PREG attribute to 1.
Related violations: <none>

DPOP-1#9 Warning
PREG Output pipelining  
DSP uNTT/genblk2[4].u_bf_unit/mont_inv_inst/rDirectMulModRes0 output uNTT/genblk2[4].u_bf_unit/mont_inv_inst/rDirectMulModRes0/P[47:0] is not pipelined (PREG=0). Pipelining the DSP48 output will improve performance and often saves power so it is suggested whenever possible to fully pipeline this function.  If this DSP48 function was inferred, it is suggested to describe an additional register stage after this function.  If the DSP48 was instantiated in the design, it is suggested to set the PREG attribute to 1.
Related violations: <none>

DPOP-1#10 Warning
PREG Output pipelining  
DSP uNTT/genblk2[4].u_bf_unit/mont_inv_inst/wR1divR0 output uNTT/genblk2[4].u_bf_unit/mont_inv_inst/wR1divR0/P[47:0] is not pipelined (PREG=0). Pipelining the DSP48 output will improve performance and often saves power so it is suggested whenever possible to fully pipeline this function.  If this DSP48 function was inferred, it is suggested to describe an additional register stage after this function.  If the DSP48 was instantiated in the design, it is suggested to set the PREG attribute to 1.
Related violations: <none>

DPOP-1#11 Warning
PREG Output pipelining  
DSP uNTT/genblk2[5].u_bf_unit/mont_inv_inst/rDirectMulModRes0 output uNTT/genblk2[5].u_bf_unit/mont_inv_inst/rDirectMulModRes0/P[47:0] is not pipelined (PREG=0). Pipelining the DSP48 output will improve performance and often saves power so it is suggested whenever possible to fully pipeline this function.  If this DSP48 function was inferred, it is suggested to describe an additional register stage after this function.  If the DSP48 was instantiated in the design, it is suggested to set the PREG attribute to 1.
Related violations: <none>

DPOP-1#12 Warning
PREG Output pipelining  
DSP uNTT/genblk2[5].u_bf_unit/mont_inv_inst/wR1divR0 output uNTT/genblk2[5].u_bf_unit/mont_inv_inst/wR1divR0/P[47:0] is not pipelined (PREG=0). Pipelining the DSP48 output will improve performance and often saves power so it is suggested whenever possible to fully pipeline this function.  If this DSP48 function was inferred, it is suggested to describe an additional register stage after this function.  If the DSP48 was instantiated in the design, it is suggested to set the PREG attribute to 1.
Related violations: <none>

DPOP-1#13 Warning
PREG Output pipelining  
DSP uNTT/genblk2[6].u_bf_unit/mont_inv_inst/rDirectMulModRes0 output uNTT/genblk2[6].u_bf_unit/mont_inv_inst/rDirectMulModRes0/P[47:0] is not pipelined (PREG=0). Pipelining the DSP48 output will improve performance and often saves power so it is suggested whenever possible to fully pipeline this function.  If this DSP48 function was inferred, it is suggested to describe an additional register stage after this function.  If the DSP48 was instantiated in the design, it is suggested to set the PREG attribute to 1.
Related violations: <none>

DPOP-1#14 Warning
PREG Output pipelining  
DSP uNTT/genblk2[6].u_bf_unit/mont_inv_inst/wR1divR0 output uNTT/genblk2[6].u_bf_unit/mont_inv_inst/wR1divR0/P[47:0] is not pipelined (PREG=0). Pipelining the DSP48 output will improve performance and often saves power so it is suggested whenever possible to fully pipeline this function.  If this DSP48 function was inferred, it is suggested to describe an additional register stage after this function.  If the DSP48 was instantiated in the design, it is suggested to set the PREG attribute to 1.
Related violations: <none>

DPOP-1#15 Warning
PREG Output pipelining  
DSP uNTT/genblk2[7].u_bf_unit/mont_inv_inst/rDirectMulModRes0 output uNTT/genblk2[7].u_bf_unit/mont_inv_inst/rDirectMulModRes0/P[47:0] is not pipelined (PREG=0). Pipelining the DSP48 output will improve performance and often saves power so it is suggested whenever possible to fully pipeline this function.  If this DSP48 function was inferred, it is suggested to describe an additional register stage after this function.  If the DSP48 was instantiated in the design, it is suggested to set the PREG attribute to 1.
Related violations: <none>

DPOP-1#16 Warning
PREG Output pipelining  
DSP uNTT/genblk2[7].u_bf_unit/mont_inv_inst/wR1divR0 output uNTT/genblk2[7].u_bf_unit/mont_inv_inst/wR1divR0/P[47:0] is not pipelined (PREG=0). Pipelining the DSP48 output will improve performance and often saves power so it is suggested whenever possible to fully pipeline this function.  If this DSP48 function was inferred, it is suggested to describe an additional register stage after this function.  If the DSP48 was instantiated in the design, it is suggested to set the PREG attribute to 1.
Related violations: <none>

DPOP-2#1 Warning
MREG Output pipelining  
DSP uNTT/genblk2[0].u_bf_unit/mont_inv_inst/rDirectMulModRes0 multiplier stage uNTT/genblk2[0].u_bf_unit/mont_inv_inst/rDirectMulModRes0/P[47:0] is not pipelined (MREG=0). Pipelining the multiplier function will improve performance and will save significant power so it is suggested whenever possible to fully pipeline this function.  If this multiplier was inferred, it is suggested to describe an additional register stage after this function.  If there is no registered adder/accumulator following the multiply function, two pipeline stages are suggested to allow both the MREG and PREG registers to be used.  If the DSP48 was instantiated in the design, it is suggested to set both the MREG and PREG attributes to 1 when performing multiply functions.
Related violations: <none>

DPOP-2#2 Warning
MREG Output pipelining  
DSP uNTT/genblk2[0].u_bf_unit/rMulResult_reg multiplier stage uNTT/genblk2[0].u_bf_unit/rMulResult_reg/P[47:0] is not pipelined (MREG=0). Pipelining the multiplier function will improve performance and will save significant power so it is suggested whenever possible to fully pipeline this function.  If this multiplier was inferred, it is suggested to describe an additional register stage after this function.  If there is no registered adder/accumulator following the multiply function, two pipeline stages are suggested to allow both the MREG and PREG registers to be used.  If the DSP48 was instantiated in the design, it is suggested to set both the MREG and PREG attributes to 1 when performing multiply functions.
Related violations: <none>

DPOP-2#3 Warning
MREG Output pipelining  
DSP uNTT/genblk2[1].u_bf_unit/mont_inv_inst/rDirectMulModRes0 multiplier stage uNTT/genblk2[1].u_bf_unit/mont_inv_inst/rDirectMulModRes0/P[47:0] is not pipelined (MREG=0). Pipelining the multiplier function will improve performance and will save significant power so it is suggested whenever possible to fully pipeline this function.  If this multiplier was inferred, it is suggested to describe an additional register stage after this function.  If there is no registered adder/accumulator following the multiply function, two pipeline stages are suggested to allow both the MREG and PREG registers to be used.  If the DSP48 was instantiated in the design, it is suggested to set both the MREG and PREG attributes to 1 when performing multiply functions.
Related violations: <none>

DPOP-2#4 Warning
MREG Output pipelining  
DSP uNTT/genblk2[1].u_bf_unit/rMulResult_reg multiplier stage uNTT/genblk2[1].u_bf_unit/rMulResult_reg/P[47:0] is not pipelined (MREG=0). Pipelining the multiplier function will improve performance and will save significant power so it is suggested whenever possible to fully pipeline this function.  If this multiplier was inferred, it is suggested to describe an additional register stage after this function.  If there is no registered adder/accumulator following the multiply function, two pipeline stages are suggested to allow both the MREG and PREG registers to be used.  If the DSP48 was instantiated in the design, it is suggested to set both the MREG and PREG attributes to 1 when performing multiply functions.
Related violations: <none>

DPOP-2#5 Warning
MREG Output pipelining  
DSP uNTT/genblk2[2].u_bf_unit/mont_inv_inst/rDirectMulModRes0 multiplier stage uNTT/genblk2[2].u_bf_unit/mont_inv_inst/rDirectMulModRes0/P[47:0] is not pipelined (MREG=0). Pipelining the multiplier function will improve performance and will save significant power so it is suggested whenever possible to fully pipeline this function.  If this multiplier was inferred, it is suggested to describe an additional register stage after this function.  If there is no registered adder/accumulator following the multiply function, two pipeline stages are suggested to allow both the MREG and PREG registers to be used.  If the DSP48 was instantiated in the design, it is suggested to set both the MREG and PREG attributes to 1 when performing multiply functions.
Related violations: <none>

DPOP-2#6 Warning
MREG Output pipelining  
DSP uNTT/genblk2[2].u_bf_unit/rMulResult_reg multiplier stage uNTT/genblk2[2].u_bf_unit/rMulResult_reg/P[47:0] is not pipelined (MREG=0). Pipelining the multiplier function will improve performance and will save significant power so it is suggested whenever possible to fully pipeline this function.  If this multiplier was inferred, it is suggested to describe an additional register stage after this function.  If there is no registered adder/accumulator following the multiply function, two pipeline stages are suggested to allow both the MREG and PREG registers to be used.  If the DSP48 was instantiated in the design, it is suggested to set both the MREG and PREG attributes to 1 when performing multiply functions.
Related violations: <none>

DPOP-2#7 Warning
MREG Output pipelining  
DSP uNTT/genblk2[3].u_bf_unit/mont_inv_inst/rDirectMulModRes0 multiplier stage uNTT/genblk2[3].u_bf_unit/mont_inv_inst/rDirectMulModRes0/P[47:0] is not pipelined (MREG=0). Pipelining the multiplier function will improve performance and will save significant power so it is suggested whenever possible to fully pipeline this function.  If this multiplier was inferred, it is suggested to describe an additional register stage after this function.  If there is no registered adder/accumulator following the multiply function, two pipeline stages are suggested to allow both the MREG and PREG registers to be used.  If the DSP48 was instantiated in the design, it is suggested to set both the MREG and PREG attributes to 1 when performing multiply functions.
Related violations: <none>

DPOP-2#8 Warning
MREG Output pipelining  
DSP uNTT/genblk2[3].u_bf_unit/rMulResult_reg multiplier stage uNTT/genblk2[3].u_bf_unit/rMulResult_reg/P[47:0] is not pipelined (MREG=0). Pipelining the multiplier function will improve performance and will save significant power so it is suggested whenever possible to fully pipeline this function.  If this multiplier was inferred, it is suggested to describe an additional register stage after this function.  If there is no registered adder/accumulator following the multiply function, two pipeline stages are suggested to allow both the MREG and PREG registers to be used.  If the DSP48 was instantiated in the design, it is suggested to set both the MREG and PREG attributes to 1 when performing multiply functions.
Related violations: <none>

DPOP-2#9 Warning
MREG Output pipelining  
DSP uNTT/genblk2[4].u_bf_unit/mont_inv_inst/rDirectMulModRes0 multiplier stage uNTT/genblk2[4].u_bf_unit/mont_inv_inst/rDirectMulModRes0/P[47:0] is not pipelined (MREG=0). Pipelining the multiplier function will improve performance and will save significant power so it is suggested whenever possible to fully pipeline this function.  If this multiplier was inferred, it is suggested to describe an additional register stage after this function.  If there is no registered adder/accumulator following the multiply function, two pipeline stages are suggested to allow both the MREG and PREG registers to be used.  If the DSP48 was instantiated in the design, it is suggested to set both the MREG and PREG attributes to 1 when performing multiply functions.
Related violations: <none>

DPOP-2#10 Warning
MREG Output pipelining  
DSP uNTT/genblk2[4].u_bf_unit/rMulResult_reg multiplier stage uNTT/genblk2[4].u_bf_unit/rMulResult_reg/P[47:0] is not pipelined (MREG=0). Pipelining the multiplier function will improve performance and will save significant power so it is suggested whenever possible to fully pipeline this function.  If this multiplier was inferred, it is suggested to describe an additional register stage after this function.  If there is no registered adder/accumulator following the multiply function, two pipeline stages are suggested to allow both the MREG and PREG registers to be used.  If the DSP48 was instantiated in the design, it is suggested to set both the MREG and PREG attributes to 1 when performing multiply functions.
Related violations: <none>

DPOP-2#11 Warning
MREG Output pipelining  
DSP uNTT/genblk2[5].u_bf_unit/mont_inv_inst/rDirectMulModRes0 multiplier stage uNTT/genblk2[5].u_bf_unit/mont_inv_inst/rDirectMulModRes0/P[47:0] is not pipelined (MREG=0). Pipelining the multiplier function will improve performance and will save significant power so it is suggested whenever possible to fully pipeline this function.  If this multiplier was inferred, it is suggested to describe an additional register stage after this function.  If there is no registered adder/accumulator following the multiply function, two pipeline stages are suggested to allow both the MREG and PREG registers to be used.  If the DSP48 was instantiated in the design, it is suggested to set both the MREG and PREG attributes to 1 when performing multiply functions.
Related violations: <none>

DPOP-2#12 Warning
MREG Output pipelining  
DSP uNTT/genblk2[5].u_bf_unit/rMulResult_reg multiplier stage uNTT/genblk2[5].u_bf_unit/rMulResult_reg/P[47:0] is not pipelined (MREG=0). Pipelining the multiplier function will improve performance and will save significant power so it is suggested whenever possible to fully pipeline this function.  If this multiplier was inferred, it is suggested to describe an additional register stage after this function.  If there is no registered adder/accumulator following the multiply function, two pipeline stages are suggested to allow both the MREG and PREG registers to be used.  If the DSP48 was instantiated in the design, it is suggested to set both the MREG and PREG attributes to 1 when performing multiply functions.
Related violations: <none>

DPOP-2#13 Warning
MREG Output pipelining  
DSP uNTT/genblk2[6].u_bf_unit/mont_inv_inst/rDirectMulModRes0 multiplier stage uNTT/genblk2[6].u_bf_unit/mont_inv_inst/rDirectMulModRes0/P[47:0] is not pipelined (MREG=0). Pipelining the multiplier function will improve performance and will save significant power so it is suggested whenever possible to fully pipeline this function.  If this multiplier was inferred, it is suggested to describe an additional register stage after this function.  If there is no registered adder/accumulator following the multiply function, two pipeline stages are suggested to allow both the MREG and PREG registers to be used.  If the DSP48 was instantiated in the design, it is suggested to set both the MREG and PREG attributes to 1 when performing multiply functions.
Related violations: <none>

DPOP-2#14 Warning
MREG Output pipelining  
DSP uNTT/genblk2[6].u_bf_unit/rMulResult_reg multiplier stage uNTT/genblk2[6].u_bf_unit/rMulResult_reg/P[47:0] is not pipelined (MREG=0). Pipelining the multiplier function will improve performance and will save significant power so it is suggested whenever possible to fully pipeline this function.  If this multiplier was inferred, it is suggested to describe an additional register stage after this function.  If there is no registered adder/accumulator following the multiply function, two pipeline stages are suggested to allow both the MREG and PREG registers to be used.  If the DSP48 was instantiated in the design, it is suggested to set both the MREG and PREG attributes to 1 when performing multiply functions.
Related violations: <none>

DPOP-2#15 Warning
MREG Output pipelining  
DSP uNTT/genblk2[7].u_bf_unit/mont_inv_inst/rDirectMulModRes0 multiplier stage uNTT/genblk2[7].u_bf_unit/mont_inv_inst/rDirectMulModRes0/P[47:0] is not pipelined (MREG=0). Pipelining the multiplier function will improve performance and will save significant power so it is suggested whenever possible to fully pipeline this function.  If this multiplier was inferred, it is suggested to describe an additional register stage after this function.  If there is no registered adder/accumulator following the multiply function, two pipeline stages are suggested to allow both the MREG and PREG registers to be used.  If the DSP48 was instantiated in the design, it is suggested to set both the MREG and PREG attributes to 1 when performing multiply functions.
Related violations: <none>

DPOP-2#16 Warning
MREG Output pipelining  
DSP uNTT/genblk2[7].u_bf_unit/rMulResult_reg multiplier stage uNTT/genblk2[7].u_bf_unit/rMulResult_reg/P[47:0] is not pipelined (MREG=0). Pipelining the multiplier function will improve performance and will save significant power so it is suggested whenever possible to fully pipeline this function.  If this multiplier was inferred, it is suggested to describe an additional register stage after this function.  If there is no registered adder/accumulator following the multiply function, two pipeline stages are suggested to allow both the MREG and PREG registers to be used.  If the DSP48 was instantiated in the design, it is suggested to set both the MREG and PREG attributes to 1 when performing multiply functions.
Related violations: <none>

ZPS7-1#1 Warning
PS7 block required  
The PS7 cell must be used in this Zynq design in order to enable correct default configuration.
Related violations: <none>


