Copyright 1986-2022 Xilinx, Inc. All Rights Reserved. Copyright 2022-2025 Advanced Micro Devices, Inc. All Rights Reserved.
---------------------------------------------------------------------------------------------------------------------------------------------
| Tool Version : Vivado v.2025.2 (win64) Build 6299465 Fri Nov 14 19:35:11 GMT 2025
| Date         : Wed Feb 18 17:10:19 2026
| Host         : LAPTOP-GM1L3F93 running 64-bit major release  (build 9200)
| Command      : report_control_sets -verbose -file NTT_top_control_sets_placed.rpt
| Design       : NTT_top
| Device       : xc7z010
---------------------------------------------------------------------------------------------------------------------------------------------

Control Set Information

Table of Contents
-----------------
1. Summary
2. Histogram
3. Flip-Flop Distribution
4. Detailed Control Set Information

1. Summary
----------

+----------------------------------------------------------+-------+
|                          Status                          | Count |
+----------------------------------------------------------+-------+
| Total control sets                                       |    60 |
|    Minimum number of control sets                        |    60 |
|    Addition due to synthesis replication                 |     0 |
|    Addition due to physical synthesis replication        |     0 |
| Unused register locations in slices containing registers |   231 |
+----------------------------------------------------------+-------+
* Control sets can be merged at opt_design using control_set_merge or merge_equivalent_drivers
** Run report_qor_suggestions for automated merging and remapping suggestions


2. Histogram
------------

+--------------------+-------+
|       Fanout       | Count |
+--------------------+-------+
| Total control sets |    60 |
| >= 0 to < 4        |     9 |
| >= 4 to < 6        |     1 |
| >= 6 to < 8        |     1 |
| >= 8 to < 10       |     1 |
| >= 10 to < 12      |     5 |
| >= 12 to < 14      |    19 |
| >= 14 to < 16      |     0 |
| >= 16              |    24 |
+--------------------+-------+
* Control sets can be remapped at either synth_design or opt_design


3. Flip-Flop Distribution
-------------------------

+--------------+-----------------------+------------------------+-----------------+--------------+
| Clock Enable | Synchronous Set/Reset | Asynchronous Set/Reset | Total Registers | Total Slices |
+--------------+-----------------------+------------------------+-----------------+--------------+
| No           | No                    | No                     |             588 |          250 |
| No           | No                    | Yes                    |               0 |            0 |
| No           | Yes                   | No                     |             286 |          162 |
| Yes          | No                    | No                     |            2222 |         1263 |
| Yes          | No                    | Yes                    |               0 |            0 |
| Yes          | Yes                   | No                     |              81 |           37 |
+--------------+-----------------------+------------------------+-----------------+--------------+


4. Detailed Control Set Information
-----------------------------------

+----------------+--------------------------------------------------+----------------------------------------------------------------+------------------+----------------+--------------+
|  Clock Signal  |                   Enable Signal                  |                        Set/Reset Signal                        | Slice Load Count | Bel Load Count | Bels / Slice |
+----------------+--------------------------------------------------+----------------------------------------------------------------+------------------+----------------+--------------+
|  clk_IBUF_BUFG | mode0_out                                        |                                                                |                1 |              1 |         1.00 |
|  clk_IBUF_BUFG |                                                  | uNTT/genblk2[0].u_bf_unit/mont_inv_inst/rStart[2]_i_1_n_0      |                1 |              3 |         3.00 |
|  clk_IBUF_BUFG |                                                  | uNTT/genblk2[7].u_bf_unit/mont_inv_inst/rStart[2]_i_1_n_0      |                1 |              3 |         3.00 |
|  clk_IBUF_BUFG |                                                  | uNTT/genblk2[1].u_bf_unit/mont_inv_inst/rStart[2]_i_1_n_0      |                1 |              3 |         3.00 |
|  clk_IBUF_BUFG |                                                  | uNTT/genblk2[4].u_bf_unit/mont_inv_inst/rStart[2]_i_1_n_0      |                1 |              3 |         3.00 |
|  clk_IBUF_BUFG |                                                  | uNTT/genblk2[2].u_bf_unit/mont_inv_inst/rStart[2]_i_1_n_0      |                1 |              3 |         3.00 |
|  clk_IBUF_BUFG |                                                  | uNTT/genblk2[3].u_bf_unit/mont_inv_inst/rStart[2]_i_1_n_0      |                2 |              3 |         1.50 |
|  clk_IBUF_BUFG |                                                  | uNTT/genblk2[5].u_bf_unit/mont_inv_inst/rStart[2]_i_1_n_0      |                1 |              3 |         3.00 |
|  clk_IBUF_BUFG |                                                  | uNTT/genblk2[6].u_bf_unit/mont_inv_inst/rStart[2]_i_1_n_0      |                2 |              3 |         1.50 |
|  clk_IBUF_BUFG | uNTT/rScaleCnt[3]_i_2_n_0                        | uNTT/rScaleCnt0                                                |                1 |              4 |         4.00 |
|  clk_IBUF_BUFG |                                                  | uNTT/rDataRdCnt[6]_i_1_n_0                                     |                2 |              7 |         3.50 |
|  clk_IBUF_BUFG |                                                  | uNTT/rWrCnt[5]_i_1_n_0                                         |                4 |              9 |         2.25 |
|  clk_IBUF_BUFG |                                                  | uNTT/rAbankCounter0                                            |               10 |             11 |         1.10 |
|  clk_IBUF_BUFG |                                                  | uNTT/rState_current[2]_i_1_n_0                                 |                7 |             11 |         1.57 |
|  clk_IBUF_BUFG | rStartAddrA[0]                                   |                                                                |                2 |             11 |         5.50 |
|  clk_IBUF_BUFG | rStartAddrW[0]                                   |                                                                |                3 |             11 |         3.67 |
|  clk_IBUF_BUFG | rOffsetIntt_W[0]                                 |                                                                |                2 |             11 |         5.50 |
|  clk_IBUF_BUFG |                                                  | uNTT/genblk2[3].u_bf_unit/FSM_onehot_rState_current[8]_i_1_n_0 |                3 |             13 |         4.33 |
|  clk_IBUF_BUFG |                                                  | uNTT/genblk2[0].u_bf_unit/outEn_i_1_n_0                        |                3 |             13 |         4.33 |
|  clk_IBUF_BUFG |                                                  | uNTT/genblk2[7].u_bf_unit/FSM_onehot_rState_current[8]_i_1_n_0 |                3 |             13 |         4.33 |
|  clk_IBUF_BUFG |                                                  | uNTT/genblk2[1].u_bf_unit/FSM_onehot_rState_current[8]_i_1_n_0 |                3 |             13 |         4.33 |
|  clk_IBUF_BUFG |                                                  | uNTT/genblk2[5].u_bf_unit/FSM_onehot_rState_current[8]_i_1_n_0 |                3 |             13 |         4.33 |
|  clk_IBUF_BUFG |                                                  | uNTT/genblk2[4].u_bf_unit/FSM_onehot_rState_current[8]_i_1_n_0 |                4 |             13 |         3.25 |
|  clk_IBUF_BUFG |                                                  | uNTT/genblk2[2].u_bf_unit/FSM_onehot_rState_current[8]_i_1_n_0 |                2 |             13 |         6.50 |
|  clk_IBUF_BUFG | rUserRdDataOut[12]_i_1_n_0                       |                                                                |                9 |             13 |         1.44 |
|  clk_IBUF_BUFG |                                                  | uNTT/genblk2[6].u_bf_unit/FSM_onehot_rState_current[8]_i_1_n_0 |                5 |             13 |         2.60 |
|  clk_IBUF_BUFG | rDataQ_inv[0]                                    |                                                                |                2 |             13 |         6.50 |
|  clk_IBUF_BUFG | uNTT/genblk2[0].u_bf_unit/mont_inv_inst/resultEn |                                                                |                5 |             13 |         2.60 |
|  clk_IBUF_BUFG | uNTT/genblk2[7].u_bf_unit/mont_inv_inst/resultEn |                                                                |                4 |             13 |         3.25 |
|  clk_IBUF_BUFG | uNTT/genblk2[1].u_bf_unit/mont_inv_inst/resultEn |                                                                |                3 |             13 |         4.33 |
|  clk_IBUF_BUFG | uNTT/genblk2[3].u_bf_unit/mont_inv_inst/resultEn |                                                                |                5 |             13 |         2.60 |
|  clk_IBUF_BUFG | uNTT/genblk2[4].u_bf_unit/mont_inv_inst/resultEn |                                                                |                6 |             13 |         2.17 |
|  clk_IBUF_BUFG | uNTT/genblk2[2].u_bf_unit/mont_inv_inst/resultEn |                                                                |                6 |             13 |         2.17 |
|  clk_IBUF_BUFG | uNTT/genblk2[5].u_bf_unit/mont_inv_inst/resultEn |                                                                |                4 |             13 |         3.25 |
|  clk_IBUF_BUFG | uNTT/genblk2[6].u_bf_unit/mont_inv_inst/resultEn |                                                                |                5 |             13 |         2.60 |
|  clk_IBUF_BUFG | rDataQ[0]                                        |                                                                |                2 |             13 |         6.50 |
|  clk_IBUF_BUFG | uNTT/genblk2[4].u_bf_unit/rAddResultModQ[0]      |                                                                |                9 |             26 |         2.89 |
|  clk_IBUF_BUFG | uNTT/genblk2[1].u_bf_unit/rAddResultModQ[0]      |                                                                |                9 |             26 |         2.89 |
|  clk_IBUF_BUFG | uNTT/genblk2[5].u_bf_unit/rAddResultModQ[0]      |                                                                |                9 |             26 |         2.89 |
|  clk_IBUF_BUFG | uNTT/genblk2[6].u_bf_unit/rAddResultModQ[0]      |                                                                |                8 |             26 |         3.25 |
|  clk_IBUF_BUFG | uNTT/genblk2[7].u_bf_unit/rAddResultModQ[0]      |                                                                |                9 |             26 |         2.89 |
|  clk_IBUF_BUFG | uNTT/genblk2[2].u_bf_unit/rAddResultModQ[0]      |                                                                |               10 |             26 |         2.60 |
|  clk_IBUF_BUFG | uNTT/genblk2[3].u_bf_unit/rAddResultModQ[0]      |                                                                |                8 |             26 |         3.25 |
|  clk_IBUF_BUFG | uNTT/genblk2[0].u_bf_unit/rAddResultModQ[0]      |                                                                |                8 |             26 |         3.25 |
|  clk_IBUF_BUFG | p_5_in[0]                                        |                                                                |               14 |             41 |         2.93 |
|  clk_IBUF_BUFG | uNTT/genblk2[4].u_bf_unit/rA_mod_q[0]            |                                                                |               18 |             53 |         2.94 |
|  clk_IBUF_BUFG | uNTT/genblk2[5].u_bf_unit/rA_mod_q[0]            |                                                                |               14 |             53 |         3.79 |
|  clk_IBUF_BUFG | uNTT/genblk2[3].u_bf_unit/rA_mod_q[0]            |                                                                |               18 |             53 |         2.94 |
|  clk_IBUF_BUFG | uNTT/genblk2[7].u_bf_unit/rA_mod_q[0]            |                                                                |               15 |             53 |         3.53 |
|  clk_IBUF_BUFG | uNTT/genblk2[2].u_bf_unit/rA_mod_q[0]            |                                                                |               17 |             53 |         3.12 |
|  clk_IBUF_BUFG | uNTT/genblk2[0].u_bf_unit/rA_mod_q[0]            |                                                                |               18 |             53 |         2.94 |
|  clk_IBUF_BUFG | uNTT/genblk2[1].u_bf_unit/rA_mod_q[0]            |                                                                |               20 |             53 |         2.65 |
|  clk_IBUF_BUFG | uNTT/genblk2[6].u_bf_unit/rA_mod_q[0]            |                                                                |               14 |             53 |         3.79 |
|  clk_IBUF_BUFG | uNTT/offset[0][5]_i_2_n_0                        | uNTT/offset[0][5]_i_1_n_0                                      |               36 |             77 |         2.14 |
|  clk_IBUF_BUFG | uNTT/rA_temp[0][12]_i_1_n_0                      |                                                                |               26 |            104 |         4.00 |
|  clk_IBUF_BUFG |                                                  | uNTT/rBfuA[0][13]_i_1_n_0                                      |              103 |            120 |         1.17 |
|  clk_IBUF_BUFG | uNTT/rAbankCounter0                              |                                                                |               74 |            164 |         2.22 |
|  clk_IBUF_BUFG | uNTT/rDirectMulMod1                              |                                                                |               71 |            208 |         2.93 |
|  clk_IBUF_BUFG |                                                  |                                                                |              250 |            732 |         2.93 |
|  clk_IBUF_BUFG | uNTT/rA[62][13]_i_1_n_0                          |                                                                |              815 |            896 |         1.10 |
+----------------+--------------------------------------------------+----------------------------------------------------------------+------------------+----------------+--------------+


