Copyright 1986-2022 Xilinx, Inc. All Rights Reserved. Copyright 2022-2025 Advanced Micro Devices, Inc. All Rights Reserved.
---------------------------------------------------------------------------------------------------------------------------------------------
| Tool Version : Vivado v.2025.2 (win64) Build 6299465 Fri Nov 14 19:35:11 GMT 2025
| Date         : Wed Feb 18 12:30:48 2026
| Host         : LAPTOP-GM1L3F93 running 64-bit major release  (build 9200)
| Command      : report_control_sets -verbose -file NTT_top_control_sets_placed.rpt
| Design       : NTT_top
| Device       : xc7z010
---------------------------------------------------------------------------------------------------------------------------------------------

Control Set Information

Table of Contents
-----------------
1. Summary
2. Histogram
3. Flip-Flop Distribution
4. Detailed Control Set Information

1. Summary
----------

+----------------------------------------------------------+-------+
|                          Status                          | Count |
+----------------------------------------------------------+-------+
| Total control sets                                       |    56 |
|    Minimum number of control sets                        |    56 |
|    Addition due to synthesis replication                 |     0 |
|    Addition due to physical synthesis replication        |     0 |
| Unused register locations in slices containing registers |   207 |
+----------------------------------------------------------+-------+
* Control sets can be merged at opt_design using control_set_merge or merge_equivalent_drivers
** Run report_qor_suggestions for automated merging and remapping suggestions


2. Histogram
------------

+--------------------+-------+
|       Fanout       | Count |
+--------------------+-------+
| Total control sets |    56 |
| >= 0 to < 4        |     8 |
| >= 4 to < 6        |     1 |
| >= 6 to < 8        |     1 |
| >= 8 to < 10       |     0 |
| >= 10 to < 12      |     3 |
| >= 12 to < 14      |    20 |
| >= 14 to < 16      |     0 |
| >= 16              |    23 |
+--------------------+-------+
* Control sets can be remapped at either synth_design or opt_design


3. Flip-Flop Distribution
-------------------------

+--------------+-----------------------+------------------------+-----------------+--------------+
| Clock Enable | Synchronous Set/Reset | Asynchronous Set/Reset | Total Registers | Total Slices |
+--------------+-----------------------+------------------------+-----------------+--------------+
| No           | No                    | No                     |             472 |          177 |
| No           | No                    | Yes                    |               0 |            0 |
| No           | Yes                   | No                     |             363 |          243 |
| Yes          | No                    | No                     |            1507 |          799 |
| Yes          | No                    | Yes                    |               0 |            0 |
| Yes          | Yes                   | No                     |              83 |           57 |
+--------------+-----------------------+------------------------+-----------------+--------------+


4. Detailed Control Set Information
-----------------------------------

+----------------+--------------------------------------------------+----------------------------------------------------------------+------------------+----------------+--------------+
|  Clock Signal  |                   Enable Signal                  |                        Set/Reset Signal                        | Slice Load Count | Bel Load Count | Bels / Slice |
+----------------+--------------------------------------------------+----------------------------------------------------------------+------------------+----------------+--------------+
|  clk_IBUF_BUFG |                                                  | uNTT/genblk2[5].u_bf_unit/mont_inv_inst/rStart[2]_i_1_n_0      |                2 |              3 |         1.50 |
|  clk_IBUF_BUFG |                                                  | uNTT/genblk2[4].u_bf_unit/mont_inv_inst/rStart[2]_i_1_n_0      |                1 |              3 |         3.00 |
|  clk_IBUF_BUFG |                                                  | uNTT/genblk2[1].u_bf_unit/mont_inv_inst/rStart[2]_i_1_n_0      |                1 |              3 |         3.00 |
|  clk_IBUF_BUFG |                                                  | uNTT/genblk2[2].u_bf_unit/mont_inv_inst/rStart[2]_i_1_n_0      |                1 |              3 |         3.00 |
|  clk_IBUF_BUFG |                                                  | uNTT/genblk2[0].u_bf_unit/mont_inv_inst/rStart[2]_i_1_n_0      |                1 |              3 |         3.00 |
|  clk_IBUF_BUFG |                                                  | uNTT/genblk2[3].u_bf_unit/mont_inv_inst/rStart[2]_i_1_n_0      |                2 |              3 |         1.50 |
|  clk_IBUF_BUFG |                                                  | uNTT/genblk2[7].u_bf_unit/mont_inv_inst/rStart[2]_i_1_n_0      |                1 |              3 |         3.00 |
|  clk_IBUF_BUFG |                                                  | uNTT/genblk2[6].u_bf_unit/mont_inv_inst/rStart[2]_i_1_n_0      |                1 |              3 |         3.00 |
|  clk_IBUF_BUFG |                                                  | uNTT/rWrCnt[4]_i_1_n_0                                         |                2 |              5 |         2.50 |
|  clk_IBUF_BUFG |                                                  | uNTT/rDataRdCnt[5]_i_1_n_0                                     |                2 |              6 |         3.00 |
|  clk_IBUF_BUFG | rStartAddrA[0]                                   |                                                                |                4 |             11 |         2.75 |
|  clk_IBUF_BUFG | rStartAddrW[0]                                   |                                                                |                2 |             11 |         5.50 |
|  clk_IBUF_BUFG | rOffsetIntt_W[0]                                 |                                                                |                2 |             11 |         5.50 |
|  clk_IBUF_BUFG |                                                  | uNTT/genblk2[3].u_bf_unit/FSM_onehot_rState_current[8]_i_1_n_0 |                4 |             13 |         3.25 |
|  clk_IBUF_BUFG |                                                  | uNTT/genblk2[7].u_bf_unit/FSM_onehot_rState_current[8]_i_1_n_0 |                4 |             13 |         3.25 |
|  clk_IBUF_BUFG |                                                  | uNTT/genblk2[0].u_bf_unit/outEn_i_1_n_0                        |                6 |             13 |         2.17 |
|  clk_IBUF_BUFG |                                                  | uNTT/genblk2[1].u_bf_unit/FSM_onehot_rState_current[8]_i_1_n_0 |                6 |             13 |         2.17 |
|  clk_IBUF_BUFG |                                                  | uNTT/genblk2[5].u_bf_unit/FSM_onehot_rState_current[8]_i_1_n_0 |                4 |             13 |         3.25 |
|  clk_IBUF_BUFG |                                                  | uNTT/genblk2[2].u_bf_unit/FSM_onehot_rState_current[8]_i_1_n_0 |                4 |             13 |         3.25 |
|  clk_IBUF_BUFG |                                                  | uNTT/genblk2[6].u_bf_unit/FSM_onehot_rState_current[8]_i_1_n_0 |                4 |             13 |         3.25 |
|  clk_IBUF_BUFG | rDataQ[0]                                        |                                                                |                4 |             13 |         3.25 |
|  clk_IBUF_BUFG |                                                  | uNTT/genblk2[4].u_bf_unit/FSM_onehot_rState_current[8]_i_1_n_0 |                3 |             13 |         4.33 |
|  clk_IBUF_BUFG | uNTT/genblk2[6].u_bf_unit/mont_inv_inst/resultEn |                                                                |                7 |             13 |         1.86 |
|  clk_IBUF_BUFG | uNTT/genblk2[4].u_bf_unit/mont_inv_inst/resultEn |                                                                |                5 |             13 |         2.60 |
|  clk_IBUF_BUFG | uNTT/genblk2[3].u_bf_unit/mont_inv_inst/resultEn |                                                                |                7 |             13 |         1.86 |
|  clk_IBUF_BUFG | uNTT/genblk2[1].u_bf_unit/mont_inv_inst/resultEn |                                                                |                8 |             13 |         1.62 |
|  clk_IBUF_BUFG | uNTT/genblk2[2].u_bf_unit/mont_inv_inst/resultEn |                                                                |                8 |             13 |         1.62 |
|  clk_IBUF_BUFG | uNTT/genblk2[0].u_bf_unit/mont_inv_inst/resultEn |                                                                |                7 |             13 |         1.86 |
|  clk_IBUF_BUFG | uNTT/rDirectMulMod14_out                         | uNTT/rDirectMulMod1                                            |               12 |             13 |         1.08 |
|  clk_IBUF_BUFG | uNTT/genblk2[5].u_bf_unit/mont_inv_inst/resultEn |                                                                |                6 |             13 |         2.17 |
|  clk_IBUF_BUFG | uNTT/genblk2[7].u_bf_unit/mont_inv_inst/resultEn |                                                                |                6 |             13 |         2.17 |
|  clk_IBUF_BUFG | rUserRdDataOut[12]_i_1_n_0                       |                                                                |                8 |             13 |         1.62 |
|  clk_IBUF_BUFG | rDataQ_inv[0]                                    |                                                                |                4 |             13 |         3.25 |
|  clk_IBUF_BUFG | uNTT/genblk2[5].u_bf_unit/rAddResultModQ[0]      |                                                                |               10 |             26 |         2.60 |
|  clk_IBUF_BUFG | uNTT/genblk2[2].u_bf_unit/rAddResultModQ[0]      |                                                                |               11 |             26 |         2.36 |
|  clk_IBUF_BUFG | uNTT/genblk2[0].u_bf_unit/rAddResultModQ[0]      |                                                                |               12 |             26 |         2.17 |
|  clk_IBUF_BUFG | uNTT/genblk2[3].u_bf_unit/rAddResultModQ[0]      |                                                                |               12 |             26 |         2.17 |
|  clk_IBUF_BUFG | uNTT/genblk2[6].u_bf_unit/rAddResultModQ[0]      |                                                                |                8 |             26 |         3.25 |
|  clk_IBUF_BUFG | uNTT/genblk2[1].u_bf_unit/rAddResultModQ[0]      |                                                                |                9 |             26 |         2.89 |
|  clk_IBUF_BUFG | uNTT/genblk2[7].u_bf_unit/rAddResultModQ[0]      |                                                                |                9 |             26 |         2.89 |
|  clk_IBUF_BUFG | uNTT/genblk2[4].u_bf_unit/rAddResultModQ[0]      |                                                                |               10 |             26 |         2.60 |
|  clk_IBUF_BUFG | p_5_in[0]                                        |                                                                |               14 |             43 |         3.07 |
|  clk_IBUF_BUFG | uNTT/genblk2[5].u_bf_unit/rA_mod_q[0]            |                                                                |               17 |             53 |         3.12 |
|  clk_IBUF_BUFG | uNTT/genblk2[0].u_bf_unit/rA_mod_q[0]            |                                                                |               17 |             53 |         3.12 |
|  clk_IBUF_BUFG | uNTT/genblk2[7].u_bf_unit/rA_mod_q[0]            |                                                                |               17 |             53 |         3.12 |
|  clk_IBUF_BUFG | uNTT/genblk2[6].u_bf_unit/rA_mod_q[0]            |                                                                |               14 |             53 |         3.79 |
|  clk_IBUF_BUFG | uNTT/genblk2[3].u_bf_unit/rA_mod_q[0]            |                                                                |               15 |             53 |         3.53 |
|  clk_IBUF_BUFG | uNTT/genblk2[4].u_bf_unit/rA_mod_q[0]            |                                                                |               20 |             53 |         2.65 |
|  clk_IBUF_BUFG | uNTT/genblk2[2].u_bf_unit/rA_mod_q[0]            |                                                                |               16 |             53 |         3.31 |
|  clk_IBUF_BUFG | uNTT/genblk2[1].u_bf_unit/rA_mod_q[0]            |                                                                |               16 |             53 |         3.31 |
|  clk_IBUF_BUFG | uNTT/rOpCnt1                                     | uNTT/offset_i[0]                                               |               45 |             70 |         1.56 |
|  clk_IBUF_BUFG |                                                  | uNTT/rBfuB[0][13]_i_1_n_0                                      |               73 |             78 |         1.07 |
|  clk_IBUF_BUFG |                                                  | uNTT/rBfuA[2][13]_i_1_n_0                                      |              121 |            146 |         1.21 |
|  clk_IBUF_BUFG | uNTT/rDirectMulMod1_reg_n_0                      |                                                                |               66 |            208 |         3.15 |
|  clk_IBUF_BUFG | uNTT/rA[4][13]_i_1_n_0                           |                                                                |              428 |            448 |         1.05 |
|  clk_IBUF_BUFG |                                                  |                                                                |              177 |            616 |         3.48 |
+----------------+--------------------------------------------------+----------------------------------------------------------------+------------------+----------------+--------------+


